Archive member included to satisfy reference by file (symbol)

C:/Users/VitorRodrigues/.pico-sdk/toolchain/13_3_Rel1/bin/../lib/gcc/arm-none-eabi/13.3.1/thumb/v6-m/nofp\libgcc.a(_dvmd_tls.o)
                              CMakeFiles/smart_clock.dir/C_/Users/VitorRodrigues/.pico-sdk/sdk/2.1.0/src/rp2_common/pico_divider/divider_hardware.S.obj (__aeabi_idiv0)
C:/Users/VitorRodrigues/.pico-sdk/toolchain/13_3_Rel1/bin/../lib/gcc/arm-none-eabi/13.3.1/thumb/v6-m/nofp\libg.a(libc_a-calloc.o)
                              CMakeFiles/smart_clock.dir/C_/Users/VitorRodrigues/.pico-sdk/sdk/2.1.0/src/rp2_common/pico_malloc/malloc.c.obj (calloc)
C:/Users/VitorRodrigues/.pico-sdk/toolchain/13_3_Rel1/bin/../lib/gcc/arm-none-eabi/13.3.1/thumb/v6-m/nofp\libg.a(libc_a-callocr.o)
                              C:/Users/VitorRodrigues/.pico-sdk/toolchain/13_3_Rel1/bin/../lib/gcc/arm-none-eabi/13.3.1/thumb/v6-m/nofp\libg.a(libc_a-calloc.o) (_calloc_r)
C:/Users/VitorRodrigues/.pico-sdk/toolchain/13_3_Rel1/bin/../lib/gcc/arm-none-eabi/13.3.1/thumb/v6-m/nofp\libg.a(libc_a-malloc.o)
                              CMakeFiles/smart_clock.dir/C_/Users/VitorRodrigues/.pico-sdk/sdk/2.1.0/src/rp2_common/pico_malloc/malloc.c.obj (malloc)
C:/Users/VitorRodrigues/.pico-sdk/toolchain/13_3_Rel1/bin/../lib/gcc/arm-none-eabi/13.3.1/thumb/v6-m/nofp\libg.a(libc_a-mallocr.o)
                              C:/Users/VitorRodrigues/.pico-sdk/toolchain/13_3_Rel1/bin/../lib/gcc/arm-none-eabi/13.3.1/thumb/v6-m/nofp\libg.a(libc_a-callocr.o) (_malloc_r)
C:/Users/VitorRodrigues/.pico-sdk/toolchain/13_3_Rel1/bin/../lib/gcc/arm-none-eabi/13.3.1/thumb/v6-m/nofp\libg.a(libc_a-mlock.o)
                              C:/Users/VitorRodrigues/.pico-sdk/toolchain/13_3_Rel1/bin/../lib/gcc/arm-none-eabi/13.3.1/thumb/v6-m/nofp\libg.a(libc_a-mallocr.o) (__malloc_lock)
C:/Users/VitorRodrigues/.pico-sdk/toolchain/13_3_Rel1/bin/../lib/gcc/arm-none-eabi/13.3.1/thumb/v6-m/nofp\libg.a(libc_a-realloc.o)
                              CMakeFiles/smart_clock.dir/C_/Users/VitorRodrigues/.pico-sdk/sdk/2.1.0/src/rp2_common/pico_malloc/malloc.c.obj (realloc)
C:/Users/VitorRodrigues/.pico-sdk/toolchain/13_3_Rel1/bin/../lib/gcc/arm-none-eabi/13.3.1/thumb/v6-m/nofp\libg.a(libc_a-reallocr.o)
                              C:/Users/VitorRodrigues/.pico-sdk/toolchain/13_3_Rel1/bin/../lib/gcc/arm-none-eabi/13.3.1/thumb/v6-m/nofp\libg.a(libc_a-realloc.o) (_realloc_r)
C:/Users/VitorRodrigues/.pico-sdk/toolchain/13_3_Rel1/bin/../lib/gcc/arm-none-eabi/13.3.1/thumb/v6-m/nofp\libg.a(libc_a-ctype_.o)
                              CMakeFiles/smart_clock.dir/ssd1306/ssd1306.c.obj (_ctype_)
C:/Users/VitorRodrigues/.pico-sdk/toolchain/13_3_Rel1/bin/../lib/gcc/arm-none-eabi/13.3.1/thumb/v6-m/nofp\libg.a(libc_a-memcmp.o)
                              CMakeFiles/smart_clock.dir/C_/Users/VitorRodrigues/.pico-sdk/sdk/2.1.0/src/rp2_common/pico_atomic/atomic.c.obj (memcmp)
C:/Users/VitorRodrigues/.pico-sdk/toolchain/13_3_Rel1/bin/../lib/gcc/arm-none-eabi/13.3.1/thumb/v6-m/nofp\libg.a(libc_a-memmove.o)
                              C:/Users/VitorRodrigues/.pico-sdk/toolchain/13_3_Rel1/bin/../lib/gcc/arm-none-eabi/13.3.1/thumb/v6-m/nofp\libg.a(libc_a-reallocr.o) (memmove)
C:/Users/VitorRodrigues/.pico-sdk/toolchain/13_3_Rel1/bin/../lib/gcc/arm-none-eabi/13.3.1/thumb/v6-m/nofp\libg.a(libc_a-lcltime_r.o)
                              CMakeFiles/smart_clock.dir/C_/Users/VitorRodrigues/.pico-sdk/sdk/2.1.0/src/common/pico_util/datetime.c.obj (localtime_r)
C:/Users/VitorRodrigues/.pico-sdk/toolchain/13_3_Rel1/bin/../lib/gcc/arm-none-eabi/13.3.1/thumb/v6-m/nofp\libg.a(libc_a-mktime.o)
                              CMakeFiles/smart_clock.dir/C_/Users/VitorRodrigues/.pico-sdk/sdk/2.1.0/src/common/pico_util/datetime.c.obj (mktime)
C:/Users/VitorRodrigues/.pico-sdk/toolchain/13_3_Rel1/bin/../lib/gcc/arm-none-eabi/13.3.1/thumb/v6-m/nofp\libg.a(libc_a-month_lengths.o)
                              C:/Users/VitorRodrigues/.pico-sdk/toolchain/13_3_Rel1/bin/../lib/gcc/arm-none-eabi/13.3.1/thumb/v6-m/nofp\libg.a(libc_a-lcltime_r.o) (__month_lengths)
C:/Users/VitorRodrigues/.pico-sdk/toolchain/13_3_Rel1/bin/../lib/gcc/arm-none-eabi/13.3.1/thumb/v6-m/nofp\libg.a(libc_a-tzcalc_limits.o)
                              C:/Users/VitorRodrigues/.pico-sdk/toolchain/13_3_Rel1/bin/../lib/gcc/arm-none-eabi/13.3.1/thumb/v6-m/nofp\libg.a(libc_a-lcltime_r.o) (__tzcalc_limits)
C:/Users/VitorRodrigues/.pico-sdk/toolchain/13_3_Rel1/bin/../lib/gcc/arm-none-eabi/13.3.1/thumb/v6-m/nofp\libg.a(libc_a-tzlock.o)
                              C:/Users/VitorRodrigues/.pico-sdk/toolchain/13_3_Rel1/bin/../lib/gcc/arm-none-eabi/13.3.1/thumb/v6-m/nofp\libg.a(libc_a-lcltime_r.o) (__tz_lock)
C:/Users/VitorRodrigues/.pico-sdk/toolchain/13_3_Rel1/bin/../lib/gcc/arm-none-eabi/13.3.1/thumb/v6-m/nofp\libg.a(libc_a-tzset.o)
[...]
Memory Configuration

Name             Origin             Length             Attributes
FLASH            0x10000000         0x00200000         xr
RAM              0x20000000         0x00040000         xrw
SCRATCH_X        0x20040000         0x00001000         xrw
SCRATCH_Y        0x20041000         0x00001000         xrw
*default*        0x00000000         0xffffffff

Linker script and memory map

LOAD C:/Users/VitorRodrigues/.pico-sdk/toolchain/13_3_Rel1/bin/../lib/gcc/arm-none-eabi/13.3.1/thumb/v6-m/nofp/crti.o
LOAD C:/Users/VitorRodrigues/.pico-sdk/toolchain/13_3_Rel1/bin/../lib/gcc/arm-none-eabi/13.3.1/thumb/v6-m/nofp/crtbegin.o
LOAD C:/Users/VitorRodrigues/.pico-sdk/toolchain/13_3_Rel1/bin/../lib/gcc/arm-none-eabi/13.3.1/thumb/v6-m/nofp/crt0.o

.flash_begin    0x10000000        0x0
                0x10000000                        __flash_binary_start = .

.boot2          0x10000000      0x100
                0x10000000                        __boot2_start__ = .
 *(.boot2)
 .boot2         0x10000000      0x100 pico-sdk/src/rp2040/boot_stage2/CMakeFiles/bs2_default_library.dir/./bs2_default_padded_checksummed.S.obj
                0x10000100                        __boot2_end__ = .
                0x00000001                        ASSERT (((__boot2_end__ - __boot2_start__) == 0x100), ERROR: Pico second stage bootloader must be 256 bytes in size)

.text           0x10000100     0x86a4
                0x10000100                        __logical_binary_start = .
 *(.vectors)
 .vectors       0x10000100       0xd4 CMakeFiles/smart_clock.dir/C_/Users/VitorRodrigues/.pico-sdk/sdk/2.1.0/src/rp2_common/pico_crt0/crt0.S.obj
                0x10000100                __VECTOR_TABLE
                0x10000100                __vectors
                0x100001c0                isr_invalid
                0x100001c0                __default_isrs_start
                0x100001c2                isr_nmi
                0x100001c4                isr_hardfault
                0x100001c6                isr_svcall
                0x100001c8                isr_pendsv
                0x100001ca                isr_systick
                0x100001cc                isr_irq23
                0x100001cc                isr_irq18
                0x100001cc                isr_irq11
                0x100001cc                isr_irq28
                0x100001cc                isr_irq19
                0x100001cc                isr_irq0
                0x100001cc                isr_irq6
                0x100001cc                isr_irq5
                0x100001cc                isr_irq12
                0x100001cc                isr_irq22
                0x100001cc                isr_irq31
                0x100001cc                isr_irq17
                0x100001cc                isr_irq27
                0x100001cc                isr_irq30
                0x100001cc                isr_irq2
                0x100001cc                isr_irq10
                0x100001cc                isr_irq8
                0x100001cc                isr_irq24
                0x100001cc                isr_irq1
                0x100001cc                isr_irq7
                0x100001cc                isr_irq21
                0x100001cc                isr_irq20
                0x100001cc                isr_irq15
                0x100001cc                isr_irq25
                0x100001cc                isr_irq13
                0x100001cc                __unhandled_user_irq
                0x100001cc                isr_irq4
                0x100001cc                isr_irq16
                0x100001cc                isr_irq29
                0x100001cc                isr_irq26
                0x100001cc                __default_isrs_end
                0x100001cc                isr_irq3
                0x100001cc                isr_irq14
                0x100001cc                isr_irq9
                0x100001d2                unhandled_user_irq_num_in_r0
 *(.binary_info_header)
 .binary_info_header
                0x100001d4       0x14 CMakeFiles/smart_clock.dir/C_/Users/VitorRodrigues/.pico-sdk/sdk/2.1.0/src/rp2_common/pico_crt0/crt0.S.obj
                0x100001e8                        __binary_info_header_end = .
 *(.embedded_block)
                0x100001e8                        __embedded_block_end = .
 *(.reset)
 .reset         0x100001e8       0x9c CMakeFiles/smart_clock.dir/C_/Users/VitorRodrigues/.pico-sdk/sdk/2.1.0/src/rp2_common/pico_crt0/crt0.S.obj
                0x100001e8                _entry_point
 *(.init)
 .init          0x10000284        0x4 C:/Users/VitorRodrigues/.pico-sdk/toolchain/13_3_Rel1/bin/../lib/gcc/arm-none-eabi/13.3.1/thumb/v6-m/nofp/crti.o
                0x10000284                _init
 *(EXCLUDE_FILE(*libm.a: *libc.a:*lib_a-mem*.o *libgcc.a:) .text*)
 .text.register_tm_clones
                0x10000288       0x28 C:/Users/VitorRodrigues/.pico-sdk/toolchain/13_3_Rel1/bin/../lib/gcc/arm-none-eabi/13.3.1/thumb/v6-m/nofp/crtbegin.o
 .text.frame_dummy
                0x100002b0       0x24 C:/Users/VitorRodrigues/.pico-sdk/toolchain/13_3_Rel1/bin/../lib/gcc/arm-none-eabi/13.3.1/thumb/v6-m/nofp/crtbegin.o
 .text.buzzer_timer_callback
                0x100002d4       0x10 CMakeFiles/smart_clock.dir/smart_clock.c.obj
                0x100002d4                buzzer_timer_callback
 .text.update_display_timer_callback
                0x100002e4        0x4 CMakeFiles/smart_clock.dir/smart_clock.c.obj
                0x100002e4                update_display_timer_callback
 .text.invert_display_timer_callback
                0x100002e8       0x28 CMakeFiles/smart_clock.dir/smart_clock.c.obj
                0x100002e8                invert_display_timer_callback
 .text.adc_gpio_init
                0x10000310       0x20 CMakeFiles/smart_clock.dir/smart_clock.c.obj
 .text.add_repeating_timer_ms.isra.0
                0x10000330       0x40 CMakeFiles/smart_clock.dir/smart_clock.c.obj
 .text.check_button
                0x10000370       0x9c CMakeFiles/smart_clock.dir/smart_clock.c.obj
                0x10000370                check_button
 .text.config_i2c_port
                0x1000040c       0x3c CMakeFiles/smart_clock.dir/smart_clock.c.obj
                0x1000040c                config_i2c_port
 .text.send_led_data
                0x10000448      0x164 CMakeFiles/smart_clock.dir/smart_clock.c.obj
                0x10000448                send_led_data
 .text.turn_off_leds
                0x100005ac       0xd4 CMakeFiles/smart_clock.dir/smart_clock.c.obj
                0x100005ac                turn_off_leds
 .text.led_timer_callback
                0x10000680       0x34 CMakeFiles/smart_clock.dir/smart_clock.c.obj
                0x10000680                led_timer_callback
 .text.startup.main
                0x100006b4      0x8bc CMakeFiles/smart_clock.dir/smart_clock.c.obj
                0x100006b4                main
 .text.calc_render_area_buflen
                0x10000f70       0x18 CMakeFiles/smart_clock.dir/ssd1306/ssd1306.c.obj
                0x10000f70                calc_render_area_buflen
 .text.SSD1306_send_cmd
                0x10000f88       0x24 CMakeFiles/smart_clock.dir/ssd1306/ssd1306.c.obj
                0x10000f88                SSD1306_send_cmd
 .text.SSD1306_init
                0x10000fac       0x58 CMakeFiles/smart_clock.dir/ssd1306/ssd1306.c.obj
                0x10000fac                SSD1306_init
 .text.SSD1306_scroll
                0x10001004       0x54 CMakeFiles/smart_clock.dir/ssd1306/ssd1306.c.obj
                0x10001004                SSD1306_scroll
 .text.render   0x10001058       0x98 CMakeFiles/smart_clock.dir/ssd1306/ssd1306.c.obj
                0x10001058                render
 .text.WriteString
                0x100010f0       0xd8 CMakeFiles/smart_clock.dir/ssd1306/ssd1306.c.obj
                0x100010f0                WriteString
 .text.init_pwm
                0x100011c8       0x60 CMakeFiles/smart_clock.dir/src/media_player.c.obj
                0x100011c8                init_pwm
 .text.stop_tone
                0x10001228       0x34 CMakeFiles/smart_clock.dir/src/media_player.c.obj
                0x10001228                stop_tone
 .text.play_melody
                0x1000125c      0x178 CMakeFiles/smart_clock.dir/src/media_player.c.obj
                0x1000125c                play_melody
 .text.gpio_set_function
                0x100013d4       0x34 CMakeFiles/smart_clock.dir/C_/Users/VitorRodrigues/.pico-sdk/sdk/2.1.0/src/rp2_common/hardware_gpio/gpio.c.obj
                0x100013d4                gpio_set_function
 .text.gpio_set_pulls
                0x10001408       0x28 CMakeFiles/smart_clock.dir/C_/Users/VitorRodrigues/.pico-sdk/sdk/2.1.0/src/rp2_common/hardware_gpio/gpio.c.obj
                0x10001408                gpio_set_pulls
 .text.gpio_set_input_enabled
                0x10001430       0x28 CMakeFiles/smart_clock.dir/C_/Users/VitorRodrigues/.pico-sdk/sdk/2.1.0/src/rp2_common/hardware_gpio/gpio.c.obj
                0x10001430                gpio_set_input_enabled
 .text.gpio_init
                0x10001458       0x40 CMakeFiles/smart_clock.dir/C_/Users/VitorRodrigues/.pico-sdk/sdk/2.1.0/src/rp2_common/hardware_gpio/gpio.c.obj
                0x10001458                gpio_init
 .text.rp2040_chip_version
                0x10001498        0xc CMakeFiles/smart_clock.dir/C_/Users/VitorRodrigues/.pico-sdk/sdk/2.1.0/src/rp2040/pico_platform/platform.c.obj
                0x10001498                rp2040_chip_version
 .text.panic    0x100014a4       0x30 CMakeFiles/smart_clock.dir/C_/Users/VitorRodrigues/.pico-sdk/sdk/2.1.0/src/rp2_common/pico_platform_panic/panic.c.obj
                0x100014a4                panic
 .text.hw_claim_lock
                0x100014d4       0x18 CMakeFiles/smart_clock.dir/C_/Users/VitorRodrigues/.pico-sdk/sdk/2.1.0/src/common/hardware_claim/claim.c.obj
                0x100014d4                hw_claim_lock
 .text.hw_claim_unlock
                0x100014ec       0x14 CMakeFiles/smart_clock.dir/C_/Users/VitorRodrigues/.pico-sdk/sdk/2.1.0/src/common/hardware_claim/claim.c.obj
                0x100014ec                hw_claim_unlock
 .text.hw_claim_or_assert
                0x10001500       0x44 CMakeFiles/smart_clock.dir/C_/Users/VitorRodrigues/.pico-sdk/sdk/2.1.0/src/common/hardware_claim/claim.c.obj
                0x10001500                hw_claim_or_assert
 .text.hw_claim_unused_from_range
                0x10001544       0x9c CMakeFiles/smart_clock.dir/C_/Users/VitorRodrigues/.pico-sdk/sdk/2.1.0/src/common/hardware_claim/claim.c.obj
                0x10001544                hw_claim_unused_from_range
 .text.next_striped_spin_lock_num
                0x100015e0       0x18 CMakeFiles/smart_clock.dir/C_/Users/VitorRodrigues/.pico-sdk/sdk/2.1.0/src/rp2_common/hardware_sync/sync.c.obj
                0x100015e0                next_striped_spin_lock_num
 .text.spin_lock_claim_unused
                0x100015f8       0x24 CMakeFiles/smart_clock.dir/C_/Users/VitorRodrigues/.pico-sdk/sdk/2.1.0/src/rp2_common/hardware_sync/sync.c.obj
                0x100015f8                spin_lock_claim_unused
 .text.spin_locks_reset
                0x1000161c       0x1c CMakeFiles/smart_clock.dir/C_/Users/VitorRodrigues/.pico-sdk/sdk/2.1.0/src/rp2_common/hardware_sync_spin_lock/sync_spin_lock.c.obj
                0x1000161c                spin_locks_reset
 .text.runtime_init_per_core_irq_priorities
                0x10001638       0x24 CMakeFiles/smart_clock.dir/C_/Users/VitorRodrigues/.pico-sdk/sdk/2.1.0/src/rp2_common/hardware_irq/irq.c.obj
                0x10001638                runtime_init_per_core_irq_priorities
 .text.irq_set_enabled
                0x1000165c       0x24 CMakeFiles/smart_clock.dir/C_/Users/VitorRodrigues/.pico-sdk/sdk/2.1.0/src/rp2_common/hardware_irq/irq.c.obj
                0x1000165c                irq_set_enabled
 .text.irq_is_enabled
                0x10001680       0x18 CMakeFiles/smart_clock.dir/C_/Users/VitorRodrigues/.pico-sdk/sdk/2.1.0/src/rp2_common/hardware_irq/irq.c.obj
                0x10001680                irq_is_enabled
 .text.irq_set_pending
                0x10001698       0x10 CMakeFiles/smart_clock.dir/C_/Users/VitorRodrigues/.pico-sdk/sdk/2.1.0/src/rp2_common/hardware_irq/irq.c.obj
                0x10001698                irq_set_pending
 .text.irq_has_shared_handler
                0x100016a8       0x2c CMakeFiles/smart_clock.dir/C_/Users/VitorRodrigues/.pico-sdk/sdk/2.1.0/src/rp2_common/hardware_irq/irq.c.obj
                0x100016a8                irq_has_shared_handler
 .text.irq_set_exclusive_handler
                0x100016d4       0x54 CMakeFiles/smart_clock.dir/C_/Users/VitorRodrigues/.pico-sdk/sdk/2.1.0/src/rp2_common/hardware_irq/irq.c.obj
                0x100016d4                irq_set_exclusive_handler
 .text.irq_add_shared_handler
                0x10001728      0x1f4 CMakeFiles/smart_clock.dir/C_/Users/VitorRodrigues/.pico-sdk/sdk/2.1.0/src/rp2_common/hardware_irq/irq.c.obj
                0x10001728                irq_add_shared_handler
 .text.irq_add_tail_to_free_list
                0x1000191c       0xb4 CMakeFiles/smart_clock.dir/C_/Users/VitorRodrigues/.pico-sdk/sdk/2.1.0/src/rp2_common/hardware_irq/irq.c.obj
                0x1000191c                irq_add_tail_to_free_list
 .text.user_irq_claim_unused
                0x100019d0       0x2c CMakeFiles/smart_clock.dir/C_/Users/VitorRodrigues/.pico-sdk/sdk/2.1.0/src/rp2_common/hardware_irq/irq.c.obj
                0x100019d0                user_irq_claim_unused
 .text.lock_init
                0x100019fc       0x10 CMakeFiles/smart_clock.dir/C_/Users/VitorRodrigues/.pico-sdk/sdk/2.1.0/src/common/pico_sync/lock_core.c.obj
                0x100019fc                lock_init
 .text.runtime_init_mutex
                0x10001a0c       0x50 CMakeFiles/smart_clock.dir/C_/Users/VitorRodrigues/.pico-sdk/sdk/2.1.0/src/common/pico_sync/mutex.c.obj
                0x10001a0c                runtime_init_mutex
 .text.mutex_init
                0x10001a5c       0x1c CMakeFiles/smart_clock.dir/C_/Users/VitorRodrigues/.pico-sdk/sdk/2.1.0/src/common/pico_sync/mutex.c.obj
                0x10001a5c                mutex_init
 .text.critical_section_init
                0x10001a78       0x1c CMakeFiles/smart_clock.dir/C_/Users/VitorRodrigues/.pico-sdk/sdk/2.1.0/src/common/pico_sync/critical_section.c.obj
                0x10001a78                critical_section_init
 .text.critical_section_init_with_lock_num
                0x10001a94       0x14 CMakeFiles/smart_clock.dir/C_/Users/VitorRodrigues/.pico-sdk/sdk/2.1.0/src/common/pico_sync/critical_section.c.obj
                0x10001a94                critical_section_init_with_lock_num
 .text.sleep_until_callback
                0x10001aa8       0x30 CMakeFiles/smart_clock.dir/C_/Users/VitorRodrigues/.pico-sdk/sdk/2.1.0/src/common/pico_time/time.c.obj
 .text.alarm_pool_irq_handler
                0x10001ad8      0x2fc CMakeFiles/smart_clock.dir/C_/Users/VitorRodrigues/.pico-sdk/sdk/2.1.0/src/common/pico_time/time.c.obj
 .text.runtime_init_default_alarm_pool
                0x10001dd4       0xdc CMakeFiles/smart_clock.dir/C_/Users/VitorRodrigues/.pico-sdk/sdk/2.1.0/src/common/pico_time/time.c.obj
                0x10001dd4                runtime_init_default_alarm_pool
 .text.alarm_pool_get_default
                0x10001eb0        0x8 CMakeFiles/smart_clock.dir/C_/Users/VitorRodrigues/.pico-sdk/sdk/2.1.0/src/common/pico_time/time.c.obj
                0x10001eb0                alarm_pool_get_default
 .text.alarm_pool_add_alarm_at
                0x10001eb8       0xd4 CMakeFiles/smart_clock.dir/C_/Users/VitorRodrigues/.pico-sdk/sdk/2.1.0/src/common/pico_time/time.c.obj
                0x10001eb8                alarm_pool_add_alarm_at
 .text.alarm_pool_add_alarm_at_force_in_context
                0x10001f8c       0xb0 CMakeFiles/smart_clock.dir/C_/Users/VitorRodrigues/.pico-sdk/sdk/2.1.0/src/common/pico_time/time.c.obj
                0x10001f8c                alarm_pool_add_alarm_at_force_in_context
 .text.alarm_pool_cancel_alarm
                0x1000203c       0x74 CMakeFiles/smart_clock.dir/C_/Users/VitorRodrigues/.pico-sdk/sdk/2.1.0/src/common/pico_time/time.c.obj
                0x1000203c                alarm_pool_cancel_alarm
 .text.alarm_pool_core_num
                0x100020b0        0x4 CMakeFiles/smart_clock.dir/C_/Users/VitorRodrigues/.pico-sdk/sdk/2.1.0/src/common/pico_time/time.c.obj
                0x100020b0                alarm_pool_core_num
 .text.sleep_until
                0x100020b4       0xd8 CMakeFiles/smart_clock.dir/C_/Users/VitorRodrigues/.pico-sdk/sdk/2.1.0/src/common/pico_time/time.c.obj
                0x100020b4                sleep_until
 .text.sleep_ms
                0x1000218c       0x38 CMakeFiles/smart_clock.dir/C_/Users/VitorRodrigues/.pico-sdk/sdk/2.1.0/src/common/pico_time/time.c.obj
                0x1000218c                sleep_ms
 .text.best_effort_wfe_or_timeout
                0x100021c4       0xe0 CMakeFiles/smart_clock.dir/C_/Users/VitorRodrigues/.pico-sdk/sdk/2.1.0/src/common/pico_time/time.c.obj
                0x100021c4                best_effort_wfe_or_timeout
 .text.alarm_pool_add_repeating_timer_us
                0x100022a4      0x128 CMakeFiles/smart_clock.dir/C_/Users/VitorRodrigues/.pico-sdk/sdk/2.1.0/src/common/pico_time/time.c.obj
                0x100022a4                alarm_pool_add_repeating_timer_us
 .text.timer_hardware_alarm_claim
                0x100023cc       0x14 CMakeFiles/smart_clock.dir/C_/Users/VitorRodrigues/.pico-sdk/sdk/2.1.0/src/rp2_common/hardware_timer/timer.c.obj
                0x100023cc                timer_hardware_alarm_claim
 .text.timer_time_us_64
                0x100023e0       0x10 CMakeFiles/smart_clock.dir/C_/Users/VitorRodrigues/.pico-sdk/sdk/2.1.0/src/rp2_common/hardware_timer/timer.c.obj
                0x100023e0                timer_time_us_64
 .text.time_us_64
                0x100023f0       0x14 CMakeFiles/smart_clock.dir/C_/Users/VitorRodrigues/.pico-sdk/sdk/2.1.0/src/rp2_common/hardware_timer/timer.c.obj
                0x100023f0                time_us_64
 .text.busy_wait_us
                0x10002404       0x68 CMakeFiles/smart_clock.dir/C_/Users/VitorRodrigues/.pico-sdk/sdk/2.1.0/src/rp2_common/hardware_timer/timer.c.obj
                0x10002404                busy_wait_us
 .text.busy_wait_until
                0x1000246c       0x20 CMakeFiles/smart_clock.dir/C_/Users/VitorRodrigues/.pico-sdk/sdk/2.1.0/src/rp2_common/hardware_timer/timer.c.obj
                0x1000246c                busy_wait_until
 .text.uart_init
                0x1000248c      0x120 CMakeFiles/smart_clock.dir/C_/Users/VitorRodrigues/.pico-sdk/sdk/2.1.0/src/rp2_common/hardware_uart/uart.c.obj
                0x1000248c                uart_init
 .text.clock_configure_int_divider
                0x100025ac       0xf4 CMakeFiles/smart_clock.dir/C_/Users/VitorRodrigues/.pico-sdk/sdk/2.1.0/src/rp2_common/hardware_clocks/clocks.c.obj
                0x100025ac                clock_configure_int_divider
 .text.clock_configure_undivided
                0x100026a0       0xe8 CMakeFiles/smart_clock.dir/C_/Users/VitorRodrigues/.pico-sdk/sdk/2.1.0/src/rp2_common/hardware_clocks/clocks.c.obj
                0x100026a0                clock_configure_undivided
 .text.clock_get_hz
                0x10002788        0xc CMakeFiles/smart_clock.dir/C_/Users/VitorRodrigues/.pico-sdk/sdk/2.1.0/src/rp2_common/hardware_clocks/clocks.c.obj
                0x10002788                clock_get_hz
 .text.pll_init
                0x10002794       0xa4 CMakeFiles/smart_clock.dir/C_/Users/VitorRodrigues/.pico-sdk/sdk/2.1.0/src/rp2_common/hardware_pll/pll.c.obj
                0x10002794                pll_init
 .text.watchdog_reboot
                0x10002838       0x9c CMakeFiles/smart_clock.dir/C_/Users/VitorRodrigues/.pico-sdk/sdk/2.1.0/src/rp2_common/hardware_watchdog/watchdog.c.obj
                0x10002838                watchdog_reboot
 .text.tick_start
                0x100028d4       0x10 CMakeFiles/smart_clock.dir/C_/Users/VitorRodrigues/.pico-sdk/sdk/2.1.0/src/rp2_common/hardware_ticks/ticks.c.obj
                0x100028d4                tick_start
 .text.rom_func_lookup
                0x100028e4       0x10 CMakeFiles/smart_clock.dir/C_/Users/VitorRodrigues/.pico-sdk/sdk/2.1.0/src/rp2_common/pico_bootrom/bootrom.c.obj
                0x100028e4                rom_func_lookup
 .text.rom_data_lookup
                0x100028f4       0x10 CMakeFiles/smart_clock.dir/C_/Users/VitorRodrigues/.pico-sdk/sdk/2.1.0/src/rp2_common/pico_bootrom/bootrom.c.obj
                0x100028f4                rom_data_lookup
 .text.rom_funcs_lookup
                0x10002904       0x44 CMakeFiles/smart_clock.dir/C_/Users/VitorRodrigues/.pico-sdk/sdk/2.1.0/src/rp2_common/pico_bootrom/bootrom.c.obj
                0x10002904                rom_funcs_lookup
 .text.rom_reset_usb_boot_extra
                0x10002948       0x28 CMakeFiles/smart_clock.dir/C_/Users/VitorRodrigues/.pico-sdk/sdk/2.1.0/src/rp2_common/pico_bootrom/bootrom.c.obj
                0x10002948                rom_reset_usb_boot_extra
 .text.xosc_init
                0x10002970       0x28 CMakeFiles/smart_clock.dir/C_/Users/VitorRodrigues/.pico-sdk/sdk/2.1.0/src/rp2_common/hardware_xosc/xosc.c.obj
                0x10002970                xosc_init
 .text.first_per_core_initializer
                0x10002998        0x4 CMakeFiles/smart_clock.dir/C_/Users/VitorRodrigues/.pico-sdk/sdk/2.1.0/src/rp2_common/pico_runtime/runtime.c.obj
 .text.hard_assertion_failure
                0x1000299c        0xc CMakeFiles/smart_clock.dir/C_/Users/VitorRodrigues/.pico-sdk/sdk/2.1.0/src/rp2_common/pico_runtime/runtime.c.obj
                0x1000299c                hard_assertion_failure
 .text.runtime_run_initializers
                0x100029a8       0x28 CMakeFiles/smart_clock.dir/C_/Users/VitorRodrigues/.pico-sdk/sdk/2.1.0/src/rp2_common/pico_runtime/runtime.c.obj
                0x100029a8                runtime_run_initializers
 .text.runtime_init_early_resets
                0x100029d0       0x2c CMakeFiles/smart_clock.dir/C_/Users/VitorRodrigues/.pico-sdk/sdk/2.1.0/src/rp2_common/pico_runtime_init/runtime_init.c.obj
                0x100029d0                runtime_init_early_resets
 .text.runtime_init_usb_power_down
                0x100029fc       0x1c CMakeFiles/smart_clock.dir/C_/Users/VitorRodrigues/.pico-sdk/sdk/2.1.0/src/rp2_common/pico_runtime_init/runtime_init.c.obj
                0x100029fc                runtime_init_usb_power_down
 .text.runtime_init_post_clock_resets
                0x10002a18       0x20 CMakeFiles/smart_clock.dir/C_/Users/VitorRodrigues/.pico-sdk/sdk/2.1.0/src/rp2_common/pico_runtime_init/runtime_init.c.obj
                0x10002a18                runtime_init_post_clock_resets
 .text.runtime_init_rp2040_gpio_ie_disable
                0x10002a38       0x14 CMakeFiles/smart_clock.dir/C_/Users/VitorRodrigues/.pico-sdk/sdk/2.1.0/src/rp2_common/pico_runtime_init/runtime_init.c.obj
                0x10002a38                runtime_init_rp2040_gpio_ie_disable
 .text.runtime_init_spin_locks_reset
                0x10002a4c        0x8 CMakeFiles/smart_clock.dir/C_/Users/VitorRodrigues/.pico-sdk/sdk/2.1.0/src/rp2_common/pico_runtime_init/runtime_init.c.obj
                0x10002a4c                runtime_init_spin_locks_reset
 .text.runtime_init_install_ram_vector_table
                0x10002a54       0x1c CMakeFiles/smart_clock.dir/C_/Users/VitorRodrigues/.pico-sdk/sdk/2.1.0/src/rp2_common/pico_runtime_init/runtime_init.c.obj
                0x10002a54                runtime_init_install_ram_vector_table
 .text.runtime_init_clocks
                0x10002a70       0xd8 CMakeFiles/smart_clock.dir/C_/Users/VitorRodrigues/.pico-sdk/sdk/2.1.0/src/rp2_common/pico_runtime_init/runtime_init_clocks.c.obj
                0x10002a70                runtime_init_clocks
 .text          0x10002b48       0x10 CMakeFiles/smart_clock.dir/C_/Users/VitorRodrigues/.pico-sdk/sdk/2.1.0/src/rp2_common/pico_bit_ops/bit_ops_aeabi.S.obj
 .text.__wrap___aeabi_idiv
                0x10002b58       0x50 CMakeFiles/smart_clock.dir/C_/Users/VitorRodrigues/.pico-sdk/sdk/2.1.0/src/rp2_common/pico_divider/divider_hardware.S.obj
                0x10002b58                __wrap___aeabi_idivmod
                0x10002b58                divmod_s32s32
                0x10002b58                div_s32s32
                0x10002b58                __wrap___aeabi_idiv
                0x10002b60                divmod_s32s32_unsafe
                0x10002b8c                divmod_s32s32_savestate
 .text.__wrap___aeabi_uidiv
                0x10002ba8       0x4c CMakeFiles/smart_clock.dir/C_/Users/VitorRodrigues/.pico-sdk/sdk/2.1.0/src/rp2_common/pico_divider/divider_hardware.S.obj
                0x10002ba8                __wrap___aeabi_uidiv
                0x10002ba8                __wrap___aeabi_uidivmod
                0x10002ba8                div_u32u32
                0x10002ba8                divmod_u32u32
                0x10002bb0                divmod_u32u32_unsafe
                0x10002bd8                divmod_u32u32_savestate
 .text.__wrap___aeabi_ldiv
                0x10002bf4      0x424 CMakeFiles/smart_clock.dir/C_/Users/VitorRodrigues/.pico-sdk/sdk/2.1.0/src/rp2_common/pico_divider/divider_hardware.S.obj
                0x10002bf4                div_s64s64
                0x10002bf4                divmod_s64s64
                0x10002bf4                __wrap___aeabi_ldivmod
                0x10002c24                divmod_u64u64
                0x10002c24                div_u64u64
                0x10002c24                __wrap___aeabi_uldivmod
                0x10002c34                divmod_u64u64_savestate
                0x10002c54                divmod_s64s64_unsafe
                0x10002cdc                divmod_u64u64_unsafe
 .text.__wrap___aeabi_darithmetic
                0x10003018       0x60 CMakeFiles/smart_clock.dir/C_/Users/VitorRodrigues/.pico-sdk/sdk/2.1.0/src/rp2_common/pico_double/double_aeabi_rp2040.S.obj
                0x10003018                __wrap___aeabi_drsub
                0x1000301e                __wrap___aeabi_dsub
                0x10003028                __wrap___aeabi_dadd
                0x10003032                __wrap___aeabi_ddiv
                0x10003066                __wrap___aeabi_dmul
 .text.__wrap___aeabi_cdcmple
                0x10003078       0x6c CMakeFiles/smart_clock.dir/C_/Users/VitorRodrigues/.pico-sdk/sdk/2.1.0/src/rp2_common/pico_double/double_aeabi_rp2040.S.obj
                0x10003078                __wrap___aeabi_cdrcmple
                0x10003088                __wrap___aeabi_cdcmpeq
                0x10003088                __wrap___aeabi_cdcmple
 .text.__wrap___aeabi_dcmplt
                0x100030e4        0xc CMakeFiles/smart_clock.dir/C_/Users/VitorRodrigues/.pico-sdk/sdk/2.1.0/src/rp2_common/pico_double/double_aeabi_rp2040.S.obj
                0x100030e4                __wrap___aeabi_dcmplt
 .text.__wrap___aeabi_dcmpge
                0x100030f0       0x10 CMakeFiles/smart_clock.dir/C_/Users/VitorRodrigues/.pico-sdk/sdk/2.1.0/src/rp2_common/pico_double/double_aeabi_rp2040.S.obj
                0x100030f0                __wrap___aeabi_dcmpge
 .text.__wrap___aeabi_dcmpgt
                0x10003100        0xa CMakeFiles/smart_clock.dir/C_/Users/VitorRodrigues/.pico-sdk/sdk/2.1.0/src/rp2_common/pico_double/double_aeabi_rp2040.S.obj
                0x10003100                __wrap___aeabi_dcmpgt
 .text.__wrap___aeabi_dcmpun
                0x1000310a       0x18 CMakeFiles/smart_clock.dir/C_/Users/VitorRodrigues/.pico-sdk/sdk/2.1.0/src/rp2_common/pico_double/double_aeabi_rp2040.S.obj
                0x1000310a                __wrap___aeabi_dcmpun
 *fill*         0x10003122        0x2 
 .text.__wrap___aeabi_i2d
                0x10003124       0x38 CMakeFiles/smart_clock.dir/C_/Users/VitorRodrigues/.pico-sdk/sdk/2.1.0/src/rp2_common/pico_double/double_aeabi_rp2040.S.obj
                0x10003124                __wrap___aeabi_ui2d
                0x1000312c                __wrap___aeabi_i2d
 .text.__wrap___aeabi_d2iz
                0x1000315c       0x48 CMakeFiles/smart_clock.dir/C_/Users/VitorRodrigues/.pico-sdk/sdk/2.1.0/src/rp2_common/pico_double/double_aeabi_rp2040.S.obj
                0x1000315c                double2int_z
                0x1000315c                __wrap___aeabi_d2iz
 .text.__wrap___aeabi_d2uiz
                0x100031a4       0x10 CMakeFiles/smart_clock.dir/C_/Users/VitorRodrigues/.pico-sdk/sdk/2.1.0/src/rp2_common/pico_double/double_aeabi_rp2040.S.obj
                0x100031a4                __wrap___aeabi_d2uiz
                0x100031a4                double2uint
 .text.missing_double_func_shim
                0x100031b4        0xc CMakeFiles/smart_clock.dir/C_/Users/VitorRodrigues/.pico-sdk/sdk/2.1.0/src/rp2_common/pico_double/double_init_rom_rp2040.c.obj
 .text.__aeabi_double_init
                0x100031c0       0xa0 CMakeFiles/smart_clock.dir/C_/Users/VitorRodrigues/.pico-sdk/sdk/2.1.0/src/rp2_common/pico_double/double_init_rom_rp2040.c.obj
                0x100031c0                __aeabi_double_init
 .text.double_table_shim_on_use_helper
                0x10003260       0x2c CMakeFiles/smart_clock.dir/C_/Users/VitorRodrigues/.pico-sdk/sdk/2.1.0/src/rp2_common/pico_double/double_v1_rom_shim_rp2040.S.obj
                0x10003260                double_table_shim_on_use_helper
 .text.__aeabi_lmul
                0x1000328c       0x32 CMakeFiles/smart_clock.dir/C_/Users/VitorRodrigues/.pico-sdk/sdk/2.1.0/src/rp2_common/pico_int64_ops/pico_int64_ops_aeabi.S.obj
                0x1000328c                __wrap___aeabi_lmul
 *fill*         0x100032be        0x2 
 .text.__wrap___aeabi_farithmetic
                0x100032c0       0x48 CMakeFiles/smart_clock.dir/C_/Users/VitorRodrigues/.pico-sdk/sdk/2.1.0/src/rp2_common/pico_float/float_aeabi_rp2040.S.obj
                0x100032c0                __wrap___aeabi_frsub
                0x100032c6                __wrap___aeabi_fsub
                0x100032cc                __wrap___aeabi_fadd
                0x100032d2                __wrap___aeabi_fdiv
                0x100032fa                __wrap___aeabi_fmul
 .text.__wrap___aeabi_cfcmple
                0x10003308       0x50 CMakeFiles/smart_clock.dir/C_/Users/VitorRodrigues/.pico-sdk/sdk/2.1.0/src/rp2_common/pico_float/float_aeabi_rp2040.S.obj
                0x10003308                __wrap___aeabi_cfrcmple
                0x10003314                __wrap___aeabi_cfcmple
                0x10003314                __wrap___aeabi_cfcmpeq
 .text.__wrap___aeabi_fcmplt
                0x10003358        0xc CMakeFiles/smart_clock.dir/C_/Users/VitorRodrigues/.pico-sdk/sdk/2.1.0/src/rp2_common/pico_float/float_aeabi_rp2040.S.obj
                0x10003358                __wrap___aeabi_fcmplt
 .text.__wrap___aeabi_fcmpgt
                0x10003364        0xa CMakeFiles/smart_clock.dir/C_/Users/VitorRodrigues/.pico-sdk/sdk/2.1.0/src/rp2_common/pico_float/float_aeabi_rp2040.S.obj
                0x10003364                __wrap___aeabi_fcmpgt
 .text.__wrap___aeabi_ui2f
                0x1000336e        0xa CMakeFiles/smart_clock.dir/C_/Users/VitorRodrigues/.pico-sdk/sdk/2.1.0/src/rp2_common/pico_float/float_aeabi_rp2040.S.obj
                0x1000336e                __wrap___aeabi_ui2f
                0x1000336e                uint2float
 .text.__wrap___aeabi_i2f
                0x10003378       0x44 CMakeFiles/smart_clock.dir/C_/Users/VitorRodrigues/.pico-sdk/sdk/2.1.0/src/rp2_common/pico_float/float_aeabi_rp2040.S.obj
                0x10003378                __wrap___aeabi_i2f
                0x10003378                int2float
 .text.__wrap___aeabi_f2uiz
                0x100033bc        0xc CMakeFiles/smart_clock.dir/C_/Users/VitorRodrigues/.pico-sdk/sdk/2.1.0/src/rp2_common/pico_float/float_aeabi_rp2040.S.obj
                0x100033bc                __wrap___aeabi_f2uiz
                0x100033bc                float2uint_z
 .text.missing_float_func_shim
                0x100033c8        0xc CMakeFiles/smart_clock.dir/C_/Users/VitorRodrigues/.pico-sdk/sdk/2.1.0/src/rp2_common/pico_float/float_init_rom_rp2040.c.obj
 .text.__aeabi_float_init
                0x100033d4       0x5c CMakeFiles/smart_clock.dir/C_/Users/VitorRodrigues/.pico-sdk/sdk/2.1.0/src/rp2_common/pico_float/float_init_rom_rp2040.c.obj
                0x100033d4                __aeabi_float_init
 .text.__wrap_malloc
                0x10003430       0x24 CMakeFiles/smart_clock.dir/C_/Users/VitorRodrigues/.pico-sdk/sdk/2.1.0/src/rp2_common/pico_malloc/malloc.c.obj
                0x10003430                __wrap_malloc
 .text.__wrap_free
                0x10003454        0x8 CMakeFiles/smart_clock.dir/C_/Users/VitorRodrigues/.pico-sdk/sdk/2.1.0/src/rp2_common/pico_malloc/malloc.c.obj
                0x10003454                __wrap_free
 .text          0x1000345c       0x10 CMakeFiles/smart_clock.dir/C_/Users/VitorRodrigues/.pico-sdk/sdk/2.1.0/src/rp2_common/pico_mem_ops/mem_ops_aeabi.S.obj
                0x1000345c                __aeabi_mem_init
 .text.memset   0x1000346c        0xc CMakeFiles/smart_clock.dir/C_/Users/VitorRodrigues/.pico-sdk/sdk/2.1.0/src/rp2_common/pico_mem_ops/mem_ops_aeabi.S.obj
                0x1000346c                __wrap_memset
 .text.memcpy   0x10003478        0xc CMakeFiles/smart_clock.dir/C_/Users/VitorRodrigues/.pico-sdk/sdk/2.1.0/src/rp2_common/pico_mem_ops/mem_ops_aeabi.S.obj
                0x10003478                __wrap_memcpy
                0x10003478                __wrap___aeabi_memcpy
 .text._out_buffer
                0x10003484        0x8 CMakeFiles/smart_clock.dir/C_/Users/VitorRodrigues/.pico-sdk/sdk/2.1.0/src/rp2_common/pico_printf/printf.c.obj
 .text._out_null
                0x1000348c        0x4 CMakeFiles/smart_clock.dir/C_/Users/VitorRodrigues/.pico-sdk/sdk/2.1.0/src/rp2_common/pico_printf/printf.c.obj
 .text._out_rev
                0x10003490       0xac CMakeFiles/smart_clock.dir/C_/Users/VitorRodrigues/.pico-sdk/sdk/2.1.0/src/rp2_common/pico_printf/printf.c.obj
 .text._ntoa_format
                0x1000353c      0x250 CMakeFiles/smart_clock.dir/C_/Users/VitorRodrigues/.pico-sdk/sdk/2.1.0/src/rp2_common/pico_printf/printf.c.obj
 .text._out_char
                0x1000378c       0x10 CMakeFiles/smart_clock.dir/C_/Users/VitorRodrigues/.pico-sdk/sdk/2.1.0/src/rp2_common/pico_printf/printf.c.obj
 .text._out_fct
                0x1000379c       0x10 CMakeFiles/smart_clock.dir/C_/Users/VitorRodrigues/.pico-sdk/sdk/2.1.0/src/rp2_common/pico_printf/printf.c.obj
 .text._etoa    0x100037ac      0x464 CMakeFiles/smart_clock.dir/C_/Users/VitorRodrigues/.pico-sdk/sdk/2.1.0/src/rp2_common/pico_printf/printf.c.obj
 .text._ftoa    0x10003c10      0x3c0 CMakeFiles/smart_clock.dir/C_/Users/VitorRodrigues/.pico-sdk/sdk/2.1.0/src/rp2_common/pico_printf/printf.c.obj
 .text._vsnprintf
                0x10003fd0      0xbc8 CMakeFiles/smart_clock.dir/C_/Users/VitorRodrigues/.pico-sdk/sdk/2.1.0/src/rp2_common/pico_printf/printf.c.obj
 .text.__wrap_sprintf
                0x10004b98       0x2c CMakeFiles/smart_clock.dir/C_/Users/VitorRodrigues/.pico-sdk/sdk/2.1.0/src/rp2_common/pico_printf/printf.c.obj
                0x10004b98                __wrap_sprintf
 .text.vfctprintf
                0x10004bc4       0x20 CMakeFiles/smart_clock.dir/C_/Users/VitorRodrigues/.pico-sdk/sdk/2.1.0/src/rp2_common/pico_printf/printf.c.obj
                0x10004bc4                vfctprintf
 .text.weak_raw_vprintf
                0x10004be4       0x30 CMakeFiles/smart_clock.dir/C_/Users/VitorRodrigues/.pico-sdk/sdk/2.1.0/src/rp2_common/pico_printf/printf.c.obj
                0x10004be4                weak_raw_vprintf
 .text._exit    0x10004c14        0x4 CMakeFiles/smart_clock.dir/C_/Users/VitorRodrigues/.pico-sdk/sdk/2.1.0/src/rp2_common/pico_clib_interface/newlib_interface.c.obj
                0x10004c14                _exit
 .text._sbrk    0x10004c18       0x34 CMakeFiles/smart_clock.dir/C_/Users/VitorRodrigues/.pico-sdk/sdk/2.1.0/src/rp2_common/pico_clib_interface/newlib_interface.c.obj
                0x10004c18                _sbrk
 .text.exit     0x10004c4c        0x8 CMakeFiles/smart_clock.dir/C_/Users/VitorRodrigues/.pico-sdk/sdk/2.1.0/src/rp2_common/pico_clib_interface/newlib_interface.c.obj
                0x10004c4c                exit
 .text.runtime_init
                0x10004c54       0x2c CMakeFiles/smart_clock.dir/C_/Users/VitorRodrigues/.pico-sdk/sdk/2.1.0/src/rp2_common/pico_clib_interface/newlib_interface.c.obj
                0x10004c54                runtime_init
 .text.stdio_out_chars_no_crlf
                0x10004c80       0x10 CMakeFiles/smart_clock.dir/C_/Users/VitorRodrigues/.pico-sdk/sdk/2.1.0/src/rp2_common/pico_stdio/stdio.c.obj
 .text.stdio_out_chars_crlf
                0x10004c90       0x94 CMakeFiles/smart_clock.dir/C_/Users/VitorRodrigues/.pico-sdk/sdk/2.1.0/src/rp2_common/pico_stdio/stdio.c.obj
 .text.stdio_buffered_printer
                0x10004d24       0x64 CMakeFiles/smart_clock.dir/C_/Users/VitorRodrigues/.pico-sdk/sdk/2.1.0/src/rp2_common/pico_stdio/stdio.c.obj
 .text.stdio_put_string
                0x10004d88      0x100 CMakeFiles/smart_clock.dir/C_/Users/VitorRodrigues/.pico-sdk/sdk/2.1.0/src/rp2_common/pico_stdio/stdio.c.obj
                0x10004d88                stdio_put_string
 .text.stdio_set_driver_enabled
                0x10004e88       0x30 CMakeFiles/smart_clock.dir/C_/Users/VitorRodrigues/.pico-sdk/sdk/2.1.0/src/rp2_common/pico_stdio/stdio.c.obj
                0x10004e88                stdio_set_driver_enabled
 .text.stdio_init_all
                0x10004eb8        0x8 CMakeFiles/smart_clock.dir/C_/Users/VitorRodrigues/.pico-sdk/sdk/2.1.0/src/rp2_common/pico_stdio/stdio.c.obj
                0x10004eb8                stdio_init_all
 .text.__wrap_putchar
                0x10004ec0       0x98 CMakeFiles/smart_clock.dir/C_/Users/VitorRodrigues/.pico-sdk/sdk/2.1.0/src/rp2_common/pico_stdio/stdio.c.obj
                0x10004ec0                __wrap_putchar
                0x10004ec0                stdio_putchar
 .text.__wrap_puts
                0x10004f58       0x3c CMakeFiles/smart_clock.dir/C_/Users/VitorRodrigues/.pico-sdk/sdk/2.1.0/src/rp2_common/pico_stdio/stdio.c.obj
                0x10004f58                stdio_puts
                0x10004f58                __wrap_puts
 .text.__wrap_vprintf
                0x10004f94       0xd4 CMakeFiles/smart_clock.dir/C_/Users/VitorRodrigues/.pico-sdk/sdk/2.1.0/src/rp2_common/pico_stdio/stdio.c.obj
                0x10004f94                stdio_vprintf
                0x10004f94                __wrap_vprintf
 .text.__wrap_printf
                0x10005068       0x18 CMakeFiles/smart_clock.dir/C_/Users/VitorRodrigues/.pico-sdk/sdk/2.1.0/src/rp2_common/pico_stdio/stdio.c.obj
                0x10005068                __wrap_printf
                0x10005068                stdio_printf
 .text.resetd_init
                0x10005080        0x4 CMakeFiles/smart_clock.dir/C_/Users/VitorRodrigues/.pico-sdk/sdk/2.1.0/src/rp2_common/pico_stdio_usb/reset_interface.c.obj
 .text.resetd_reset
                0x10005084        0xc CMakeFiles/smart_clock.dir/C_/Users/VitorRodrigues/.pico-sdk/sdk/2.1.0/src/rp2_common/pico_stdio_usb/reset_interface.c.obj
 .text.resetd_open
                0x10005090       0x28 CMakeFiles/smart_clock.dir/C_/Users/VitorRodrigues/.pico-sdk/sdk/2.1.0/src/rp2_common/pico_stdio_usb/reset_interface.c.obj
 .text.resetd_xfer_cb
                0x100050b8        0x4 CMakeFiles/smart_clock.dir/C_/Users/VitorRodrigues/.pico-sdk/sdk/2.1.0/src/rp2_common/pico_stdio_usb/reset_interface.c.obj
 .text.resetd_control_xfer_cb
                0x100050bc       0x5c CMakeFiles/smart_clock.dir/C_/Users/VitorRodrigues/.pico-sdk/sdk/2.1.0/src/rp2_common/pico_stdio_usb/reset_interface.c.obj
 .text.tud_descriptor_bos_cb
                0x10005118        0x8 CMakeFiles/smart_clock.dir/C_/Users/VitorRodrigues/.pico-sdk/sdk/2.1.0/src/rp2_common/pico_stdio_usb/reset_interface.c.obj
                0x10005118                tud_descriptor_bos_cb
 .text.tud_vendor_control_xfer_cb
                0x10005120       0x34 CMakeFiles/smart_clock.dir/C_/Users/VitorRodrigues/.pico-sdk/sdk/2.1.0/src/rp2_common/pico_stdio_usb/reset_interface.c.obj
                0x10005120                tud_vendor_control_xfer_cb
 .text.usbd_app_driver_get_cb
                0x10005154        0xc CMakeFiles/smart_clock.dir/C_/Users/VitorRodrigues/.pico-sdk/sdk/2.1.0/src/rp2_common/pico_stdio_usb/reset_interface.c.obj
                0x10005154                usbd_app_driver_get_cb
 .text.tud_cdc_line_coding_cb
                0x10005160       0x2c CMakeFiles/smart_clock.dir/C_/Users/VitorRodrigues/.pico-sdk/sdk/2.1.0/src/rp2_common/pico_stdio_usb/reset_interface.c.obj
                0x10005160                tud_cdc_line_coding_cb
 .text.stdio_usb_set_chars_available_callback
                0x1000518c       0x14 CMakeFiles/smart_clock.dir/C_/Users/VitorRodrigues/.pico-sdk/sdk/2.1.0/src/rp2_common/pico_stdio_usb/stdio_usb.c.obj
                0x1000518c                stdio_usb_set_chars_available_callback
 .text.usb_irq  0x100051a0       0x10 CMakeFiles/smart_clock.dir/C_/Users/VitorRodrigues/.pico-sdk/sdk/2.1.0/src/rp2_common/pico_stdio_usb/stdio_usb.c.obj
 .text.timer_task
                0x100051b0       0x64 CMakeFiles/smart_clock.dir/C_/Users/VitorRodrigues/.pico-sdk/sdk/2.1.0/src/rp2_common/pico_stdio_usb/stdio_usb.c.obj
 .text.stdio_usb_in_chars
                0x10005214       0x90 CMakeFiles/smart_clock.dir/C_/Users/VitorRodrigues/.pico-sdk/sdk/2.1.0/src/rp2_common/pico_stdio_usb/stdio_usb.c.obj
                0x10005214                stdio_usb_in_chars
 .text.stdio_usb_out_flush
                0x100052a4       0x50 CMakeFiles/smart_clock.dir/C_/Users/VitorRodrigues/.pico-sdk/sdk/2.1.0/src/rp2_common/pico_stdio_usb/stdio_usb.c.obj
 .text.stdio_usb_out_chars
                0x100052f4      0x104 CMakeFiles/smart_clock.dir/C_/Users/VitorRodrigues/.pico-sdk/sdk/2.1.0/src/rp2_common/pico_stdio_usb/stdio_usb.c.obj
 .text.low_priority_worker_irq
                0x100053f8       0xcc CMakeFiles/smart_clock.dir/C_/Users/VitorRodrigues/.pico-sdk/sdk/2.1.0/src/rp2_common/pico_stdio_usb/stdio_usb.c.obj
 .text.stdio_usb_init
                0x100054c4       0xe8 CMakeFiles/smart_clock.dir/C_/Users/VitorRodrigues/.pico-sdk/sdk/2.1.0/src/rp2_common/pico_stdio_usb/stdio_usb.c.obj
                0x100054c4                stdio_usb_init
 .text.tud_descriptor_device_cb
                0x100055ac        0x8 CMakeFiles/smart_clock.dir/C_/Users/VitorRodrigues/.pico-sdk/sdk/2.1.0/src/rp2_common/pico_stdio_usb/stdio_usb_descriptors.c.obj
                0x100055ac                tud_descriptor_device_cb
 .text.tud_descriptor_configuration_cb
                0x100055b4        0x8 CMakeFiles/smart_clock.dir/C_/Users/VitorRodrigues/.pico-sdk/sdk/2.1.0/src/rp2_common/pico_stdio_usb/stdio_usb_descriptors.c.obj
                0x100055b4                tud_descriptor_configuration_cb
 .text.tud_descriptor_string_cb
                0x100055bc       0x78 CMakeFiles/smart_clock.dir/C_/Users/VitorRodrigues/.pico-sdk/sdk/2.1.0/src/rp2_common/pico_stdio_usb/stdio_usb_descriptors.c.obj
                0x100055bc                tud_descriptor_string_cb
 .text.startup._retrieve_unique_id_on_boot
                0x10005634       0x10 CMakeFiles/smart_clock.dir/C_/Users/VitorRodrigues/.pico-sdk/sdk/2.1.0/src/rp2_common/pico_unique_id/unique_id.c.obj
 .text.pico_get_unique_board_id_string
                0x10005644      0x1a8 CMakeFiles/smart_clock.dir/C_/Users/VitorRodrigues/.pico-sdk/sdk/2.1.0/src/rp2_common/pico_unique_id/unique_id.c.obj
                0x10005644                pico_get_unique_board_id_string
 .text.flash_get_unique_id
                0x100057ec       0x3c CMakeFiles/smart_clock.dir/C_/Users/VitorRodrigues/.pico-sdk/sdk/2.1.0/src/rp2_common/hardware_flash/flash.c.obj
                0x100057ec                flash_get_unique_id
 .text.dcd_init
                0x10005828       0x8c CMakeFiles/smart_clock.dir/C_/Users/VitorRodrigues/.pico-sdk/sdk/2.1.0/lib/tinyusb/src/portable/raspberrypi/rp2040/dcd_rp2040.c.obj
                0x10005828                dcd_init
 .text.dcd_int_enable
                0x100058b4        0xc CMakeFiles/smart_clock.dir/C_/Users/VitorRodrigues/.pico-sdk/sdk/2.1.0/lib/tinyusb/src/portable/raspberrypi/rp2040/dcd_rp2040.c.obj
                0x100058b4                dcd_int_enable
 .text.dcd_set_address
                0x100058c0       0x14 CMakeFiles/smart_clock.dir/C_/Users/VitorRodrigues/.pico-sdk/sdk/2.1.0/lib/tinyusb/src/portable/raspberrypi/rp2040/dcd_rp2040.c.obj
                0x100058c0                dcd_set_address
 .text.dcd_sof_enable
                0x100058d4       0x1c CMakeFiles/smart_clock.dir/C_/Users/VitorRodrigues/.pico-sdk/sdk/2.1.0/lib/tinyusb/src/portable/raspberrypi/rp2040/dcd_rp2040.c.obj
                0x100058d4                dcd_sof_enable
 .text.dcd_edpt0_status_complete
                0x100058f0       0x1c CMakeFiles/smart_clock.dir/C_/Users/VitorRodrigues/.pico-sdk/sdk/2.1.0/lib/tinyusb/src/portable/raspberrypi/rp2040/dcd_rp2040.c.obj
                0x100058f0                dcd_edpt0_status_complete
 .text.dcd_edpt_open
                0x1000590c      0x108 CMakeFiles/smart_clock.dir/C_/Users/VitorRodrigues/.pico-sdk/sdk/2.1.0/lib/tinyusb/src/portable/raspberrypi/rp2040/dcd_rp2040.c.obj
                0x1000590c                dcd_edpt_open
 .text.dcd_edpt_close_all
                0x10005a14        0x8 CMakeFiles/smart_clock.dir/C_/Users/VitorRodrigues/.pico-sdk/sdk/2.1.0/lib/tinyusb/src/portable/raspberrypi/rp2040/dcd_rp2040.c.obj
                0x10005a14                dcd_edpt_close_all
 .text.dcd_edpt_xfer
                0x10005a1c       0x24 CMakeFiles/smart_clock.dir/C_/Users/VitorRodrigues/.pico-sdk/sdk/2.1.0/lib/tinyusb/src/portable/raspberrypi/rp2040/dcd_rp2040.c.obj
                0x10005a1c                dcd_edpt_xfer
 .text.dcd_edpt_stall
                0x10005a40       0x34 CMakeFiles/smart_clock.dir/C_/Users/VitorRodrigues/.pico-sdk/sdk/2.1.0/lib/tinyusb/src/portable/raspberrypi/rp2040/dcd_rp2040.c.obj
                0x10005a40                dcd_edpt_stall
 .text.dcd_edpt_clear_stall
                0x10005a74       0x30 CMakeFiles/smart_clock.dir/C_/Users/VitorRodrigues/.pico-sdk/sdk/2.1.0/lib/tinyusb/src/portable/raspberrypi/rp2040/dcd_rp2040.c.obj
                0x10005a74                dcd_edpt_clear_stall
 .text.rp2040_usb_init
                0x10005aa4       0x40 CMakeFiles/smart_clock.dir/C_/Users/VitorRodrigues/.pico-sdk/sdk/2.1.0/lib/tinyusb/src/portable/raspberrypi/rp2040/rp2040_usb.c.obj
                0x10005aa4                rp2040_usb_init
 .text.hw_endpoint_xfer_start
                0x10005ae4       0x40 CMakeFiles/smart_clock.dir/C_/Users/VitorRodrigues/.pico-sdk/sdk/2.1.0/lib/tinyusb/src/portable/raspberrypi/rp2040/rp2040_usb.c.obj
                0x10005ae4                hw_endpoint_xfer_start
 .text.tud_event_hook_cb
                0x10005b24        0x4 CMakeFiles/smart_clock.dir/C_/Users/VitorRodrigues/.pico-sdk/sdk/2.1.0/lib/tinyusb/src/device/usbd.c.obj
                0x10005b24                tud_event_hook_cb
 .text.tud_sof_cb
                0x10005b28        0x4 CMakeFiles/smart_clock.dir/C_/Users/VitorRodrigues/.pico-sdk/sdk/2.1.0/lib/tinyusb/src/device/usbd.c.obj
                0x10005b28                tud_sof_cb
 .text.tud_descriptor_device_qualifier_cb
                0x10005b2c        0x4 CMakeFiles/smart_clock.dir/C_/Users/VitorRodrigues/.pico-sdk/sdk/2.1.0/lib/tinyusb/src/device/usbd.c.obj
                0x10005b2c                tud_descriptor_device_qualifier_cb
 .text.tud_descriptor_other_speed_configuration_cb
                0x10005b30        0x4 CMakeFiles/smart_clock.dir/C_/Users/VitorRodrigues/.pico-sdk/sdk/2.1.0/lib/tinyusb/src/device/usbd.c.obj
                0x10005b30                tud_descriptor_other_speed_configuration_cb
 .text.tud_mount_cb
                0x10005b34        0x4 CMakeFiles/smart_clock.dir/C_/Users/VitorRodrigues/.pico-sdk/sdk/2.1.0/lib/tinyusb/src/device/usbd.c.obj
                0x10005b34                tud_mount_cb
 .text.tud_umount_cb
                0x10005b38        0x4 CMakeFiles/smart_clock.dir/C_/Users/VitorRodrigues/.pico-sdk/sdk/2.1.0/lib/tinyusb/src/device/usbd.c.obj
                0x10005b38                tud_umount_cb
 .text.tud_suspend_cb
                0x10005b3c        0x4 CMakeFiles/smart_clock.dir/C_/Users/VitorRodrigues/.pico-sdk/sdk/2.1.0/lib/tinyusb/src/device/usbd.c.obj
                0x10005b3c                tud_suspend_cb
 .text.tud_resume_cb
                0x10005b40        0x4 CMakeFiles/smart_clock.dir/C_/Users/VitorRodrigues/.pico-sdk/sdk/2.1.0/lib/tinyusb/src/device/usbd.c.obj
                0x10005b40                tud_resume_cb
 .text.tud_mounted
                0x10005b44       0x10 CMakeFiles/smart_clock.dir/C_/Users/VitorRodrigues/.pico-sdk/sdk/2.1.0/lib/tinyusb/src/device/usbd.c.obj
                0x10005b44                tud_mounted
 .text.tud_suspended
                0x10005b54       0x10 CMakeFiles/smart_clock.dir/C_/Users/VitorRodrigues/.pico-sdk/sdk/2.1.0/lib/tinyusb/src/device/usbd.c.obj
                0x10005b54                tud_suspended
 .text.tud_init
                0x10005b64       0xe4 CMakeFiles/smart_clock.dir/C_/Users/VitorRodrigues/.pico-sdk/sdk/2.1.0/lib/tinyusb/src/device/usbd.c.obj
                0x10005b64                tud_init
 .text.tud_task_ext
                0x10005c48      0x800 CMakeFiles/smart_clock.dir/C_/Users/VitorRodrigues/.pico-sdk/sdk/2.1.0/lib/tinyusb/src/device/usbd.c.obj
                0x10005c48                tud_task_ext
 .text.usbd_open_edpt_pair
                0x10006448       0x9c CMakeFiles/smart_clock.dir/C_/Users/VitorRodrigues/.pico-sdk/sdk/2.1.0/lib/tinyusb/src/device/usbd.c.obj
                0x10006448                usbd_open_edpt_pair
 .text.usbd_edpt_open
                0x100064e4       0x34 CMakeFiles/smart_clock.dir/C_/Users/VitorRodrigues/.pico-sdk/sdk/2.1.0/lib/tinyusb/src/device/usbd.c.obj
                0x100064e4                usbd_edpt_open
 .text.usbd_edpt_claim
                0x10006518       0x28 CMakeFiles/smart_clock.dir/C_/Users/VitorRodrigues/.pico-sdk/sdk/2.1.0/lib/tinyusb/src/device/usbd.c.obj
                0x10006518                usbd_edpt_claim
 .text.usbd_edpt_release
                0x10006540       0x28 CMakeFiles/smart_clock.dir/C_/Users/VitorRodrigues/.pico-sdk/sdk/2.1.0/lib/tinyusb/src/device/usbd.c.obj
                0x10006540                usbd_edpt_release
 .text.usbd_edpt_xfer
                0x10006568       0x4c CMakeFiles/smart_clock.dir/C_/Users/VitorRodrigues/.pico-sdk/sdk/2.1.0/lib/tinyusb/src/device/usbd.c.obj
                0x10006568                usbd_edpt_xfer
 .text.tud_control_status
                0x100065b4       0x2c CMakeFiles/smart_clock.dir/C_/Users/VitorRodrigues/.pico-sdk/sdk/2.1.0/lib/tinyusb/src/device/usbd_control.c.obj
                0x100065b4                tud_control_status
 .text.tud_control_xfer
                0x100065e0       0xac CMakeFiles/smart_clock.dir/C_/Users/VitorRodrigues/.pico-sdk/sdk/2.1.0/lib/tinyusb/src/device/usbd_control.c.obj
                0x100065e0                tud_control_xfer
 .text.usbd_control_reset
                0x1000668c       0x14 CMakeFiles/smart_clock.dir/C_/Users/VitorRodrigues/.pico-sdk/sdk/2.1.0/lib/tinyusb/src/device/usbd_control.c.obj
                0x1000668c                usbd_control_reset
 .text.usbd_control_set_complete_callback
                0x100066a0        0xc CMakeFiles/smart_clock.dir/C_/Users/VitorRodrigues/.pico-sdk/sdk/2.1.0/lib/tinyusb/src/device/usbd_control.c.obj
                0x100066a0                usbd_control_set_complete_callback
 .text.usbd_control_set_request
                0x100066ac       0x1c CMakeFiles/smart_clock.dir/C_/Users/VitorRodrigues/.pico-sdk/sdk/2.1.0/lib/tinyusb/src/device/usbd_control.c.obj
                0x100066ac                usbd_control_set_request
 .text.usbd_control_xfer_cb
                0x100066c8       0xec CMakeFiles/smart_clock.dir/C_/Users/VitorRodrigues/.pico-sdk/sdk/2.1.0/lib/tinyusb/src/device/usbd_control.c.obj
                0x100066c8                usbd_control_xfer_cb
 .text._prep_out_transaction.isra.0
                0x100067b4       0x5c CMakeFiles/smart_clock.dir/C_/Users/VitorRodrigues/.pico-sdk/sdk/2.1.0/lib/tinyusb/src/class/cdc/cdc_device.c.obj
 .text.tud_cdc_n_connected
                0x10006810       0x30 CMakeFiles/smart_clock.dir/C_/Users/VitorRodrigues/.pico-sdk/sdk/2.1.0/lib/tinyusb/src/class/cdc/cdc_device.c.obj
                0x10006810                tud_cdc_n_connected
 .text.tud_cdc_n_available
                0x10006840       0x18 CMakeFiles/smart_clock.dir/C_/Users/VitorRodrigues/.pico-sdk/sdk/2.1.0/lib/tinyusb/src/class/cdc/cdc_device.c.obj
                0x10006840                tud_cdc_n_available
 .text.tud_cdc_n_read
                0x10006858       0x98 CMakeFiles/smart_clock.dir/C_/Users/VitorRodrigues/.pico-sdk/sdk/2.1.0/lib/tinyusb/src/class/cdc/cdc_device.c.obj
                0x10006858                tud_cdc_n_read
 .text.tud_cdc_n_write_flush
                0x100068f0       0x78 CMakeFiles/smart_clock.dir/C_/Users/VitorRodrigues/.pico-sdk/sdk/2.1.0/lib/tinyusb/src/class/cdc/cdc_device.c.obj
                0x100068f0                tud_cdc_n_write_flush
 .text.tud_cdc_n_write
                0x10006968       0x40 CMakeFiles/smart_clock.dir/C_/Users/VitorRodrigues/.pico-sdk/sdk/2.1.0/lib/tinyusb/src/class/cdc/cdc_device.c.obj
                0x10006968                tud_cdc_n_write
 .text.tud_cdc_n_write_available
                0x100069a8       0x18 CMakeFiles/smart_clock.dir/C_/Users/VitorRodrigues/.pico-sdk/sdk/2.1.0/lib/tinyusb/src/class/cdc/cdc_device.c.obj
                0x100069a8                tud_cdc_n_write_available
 .text.cdcd_init
                0x100069c0       0x7c CMakeFiles/smart_clock.dir/C_/Users/VitorRodrigues/.pico-sdk/sdk/2.1.0/lib/tinyusb/src/class/cdc/cdc_device.c.obj
                0x100069c0                cdcd_init
 .text.cdcd_deinit
                0x10006a3c       0x34 CMakeFiles/smart_clock.dir/C_/Users/VitorRodrigues/.pico-sdk/sdk/2.1.0/lib/tinyusb/src/class/cdc/cdc_device.c.obj
                0x10006a3c                cdcd_deinit
 .text.cdcd_reset
                0x10006a70       0x4c CMakeFiles/smart_clock.dir/C_/Users/VitorRodrigues/.pico-sdk/sdk/2.1.0/lib/tinyusb/src/class/cdc/cdc_device.c.obj
                0x10006a70                cdcd_reset
 .text.cdcd_open
                0x10006abc       0xb0 CMakeFiles/smart_clock.dir/C_/Users/VitorRodrigues/.pico-sdk/sdk/2.1.0/lib/tinyusb/src/class/cdc/cdc_device.c.obj
                0x10006abc                cdcd_open
 .text.cdcd_control_xfer_cb
                0x10006b6c       0xe4 CMakeFiles/smart_clock.dir/C_/Users/VitorRodrigues/.pico-sdk/sdk/2.1.0/lib/tinyusb/src/class/cdc/cdc_device.c.obj
                0x10006b6c                cdcd_control_xfer_cb
 .text.cdcd_xfer_cb
                0x10006c50      0x100 CMakeFiles/smart_clock.dir/C_/Users/VitorRodrigues/.pico-sdk/sdk/2.1.0/lib/tinyusb/src/class/cdc/cdc_device.c.obj
                0x10006c50                cdcd_xfer_cb
 .text.vendord_init
                0x10006d50       0x5c CMakeFiles/smart_clock.dir/C_/Users/VitorRodrigues/.pico-sdk/sdk/2.1.0/lib/tinyusb/src/class/vendor/vendor_device.c.obj
                0x10006d50                vendord_init
 .text.vendord_deinit
                0x10006dac       0x1c CMakeFiles/smart_clock.dir/C_/Users/VitorRodrigues/.pico-sdk/sdk/2.1.0/lib/tinyusb/src/class/vendor/vendor_device.c.obj
                0x10006dac                vendord_deinit
 .text.vendord_reset
                0x10006dc8       0x20 CMakeFiles/smart_clock.dir/C_/Users/VitorRodrigues/.pico-sdk/sdk/2.1.0/lib/tinyusb/src/class/vendor/vendor_device.c.obj
                0x10006dc8                vendord_reset
 .text.vendord_open
                0x10006de8      0x138 CMakeFiles/smart_clock.dir/C_/Users/VitorRodrigues/.pico-sdk/sdk/2.1.0/lib/tinyusb/src/class/vendor/vendor_device.c.obj
                0x10006de8                vendord_open
 .text.vendord_xfer_cb
                0x10006f20       0x9c CMakeFiles/smart_clock.dir/C_/Users/VitorRodrigues/.pico-sdk/sdk/2.1.0/lib/tinyusb/src/class/vendor/vendor_device.c.obj
                0x10006f20                vendord_xfer_cb
 .text.tusb_init
                0x10006fbc        0xc CMakeFiles/smart_clock.dir/C_/Users/VitorRodrigues/.pico-sdk/sdk/2.1.0/lib/tinyusb/src/tusb.c.obj
                0x10006fbc                tusb_init
 .text.tu_edpt_claim
                0x10006fc8       0x50 CMakeFiles/smart_clock.dir/C_/Users/VitorRodrigues/.pico-sdk/sdk/2.1.0/lib/tinyusb/src/tusb.c.obj
                0x10006fc8                tu_edpt_claim
 .text.tu_edpt_release
                0x10007018       0x38 CMakeFiles/smart_clock.dir/C_/Users/VitorRodrigues/.pico-sdk/sdk/2.1.0/lib/tinyusb/src/tusb.c.obj
                0x10007018                tu_edpt_release
 .text.tu_edpt_validate
                0x10007050       0x7c CMakeFiles/smart_clock.dir/C_/Users/VitorRodrigues/.pico-sdk/sdk/2.1.0/lib/tinyusb/src/tusb.c.obj
                0x10007050                tu_edpt_validate
 .text.tu_edpt_bind_driver
                0x100070cc       0x34 CMakeFiles/smart_clock.dir/C_/Users/VitorRodrigues/.pico-sdk/sdk/2.1.0/lib/tinyusb/src/tusb.c.obj
                0x100070cc                tu_edpt_bind_driver
 .text.tu_edpt_stream_init
                0x10007100       0x6c CMakeFiles/smart_clock.dir/C_/Users/VitorRodrigues/.pico-sdk/sdk/2.1.0/lib/tinyusb/src/tusb.c.obj
                0x10007100                tu_edpt_stream_init
 .text.tu_edpt_stream_deinit
                0x1000716c        0x4 CMakeFiles/smart_clock.dir/C_/Users/VitorRodrigues/.pico-sdk/sdk/2.1.0/lib/tinyusb/src/tusb.c.obj
                0x1000716c                tu_edpt_stream_deinit
 .text.tu_edpt_stream_write_zlp_if_needed
                0x10007170       0x68 CMakeFiles/smart_clock.dir/C_/Users/VitorRodrigues/.pico-sdk/sdk/2.1.0/lib/tinyusb/src/tusb.c.obj
                0x10007170                tu_edpt_stream_write_zlp_if_needed
 .text.tu_edpt_stream_write_xfer
                0x100071d8       0x64 CMakeFiles/smart_clock.dir/C_/Users/VitorRodrigues/.pico-sdk/sdk/2.1.0/lib/tinyusb/src/tusb.c.obj
                0x100071d8                tu_edpt_stream_write_xfer
 .text.tu_edpt_stream_read_xfer
                0x1000723c       0xdc CMakeFiles/smart_clock.dir/C_/Users/VitorRodrigues/.pico-sdk/sdk/2.1.0/lib/tinyusb/src/tusb.c.obj
                0x1000723c                tu_edpt_stream_read_xfer
 .text.tu_fifo_config
                0x10007318       0x6c CMakeFiles/smart_clock.dir/C_/Users/VitorRodrigues/.pico-sdk/sdk/2.1.0/lib/tinyusb/src/common/tusb_fifo.c.obj
                0x10007318                tu_fifo_config
 .text.tu_fifo_count
                0x10007384       0x2c CMakeFiles/smart_clock.dir/C_/Users/VitorRodrigues/.pico-sdk/sdk/2.1.0/lib/tinyusb/src/common/tusb_fifo.c.obj
                0x10007384                tu_fifo_count
 .text.tu_fifo_empty
                0x100073b0       0x10 CMakeFiles/smart_clock.dir/C_/Users/VitorRodrigues/.pico-sdk/sdk/2.1.0/lib/tinyusb/src/common/tusb_fifo.c.obj
                0x100073b0                tu_fifo_empty
 .text.tu_fifo_remaining
                0x100073c0       0x2c CMakeFiles/smart_clock.dir/C_/Users/VitorRodrigues/.pico-sdk/sdk/2.1.0/lib/tinyusb/src/common/tusb_fifo.c.obj
                0x100073c0                tu_fifo_remaining
 .text.tu_fifo_read
                0x100073ec       0x9c CMakeFiles/smart_clock.dir/C_/Users/VitorRodrigues/.pico-sdk/sdk/2.1.0/lib/tinyusb/src/common/tusb_fifo.c.obj
                0x100073ec                tu_fifo_read
 .text.tu_fifo_read_n
                0x10007488       0xe8 CMakeFiles/smart_clock.dir/C_/Users/VitorRodrigues/.pico-sdk/sdk/2.1.0/lib/tinyusb/src/common/tusb_fifo.c.obj
                0x10007488                tu_fifo_read_n
 .text.tu_fifo_write
                0x10007570       0xa8 CMakeFiles/smart_clock.dir/C_/Users/VitorRodrigues/.pico-sdk/sdk/2.1.0/lib/tinyusb/src/common/tusb_fifo.c.obj
                0x10007570                tu_fifo_write
 .text.tu_fifo_write_n
                0x10007618      0x178 CMakeFiles/smart_clock.dir/C_/Users/VitorRodrigues/.pico-sdk/sdk/2.1.0/lib/tinyusb/src/common/tusb_fifo.c.obj
                0x10007618                tu_fifo_write_n
 .text.tu_fifo_clear
                0x10007790       0x40 CMakeFiles/smart_clock.dir/C_/Users/VitorRodrigues/.pico-sdk/sdk/2.1.0/lib/tinyusb/src/common/tusb_fifo.c.obj
                0x10007790                tu_fifo_clear
 .text.tu_fifo_set_overwritable
                0x100077d0       0x48 CMakeFiles/smart_clock.dir/C_/Users/VitorRodrigues/.pico-sdk/sdk/2.1.0/lib/tinyusb/src/common/tusb_fifo.c.obj
                0x100077d0                tu_fifo_set_overwritable
 .text.i2c_read_blocking_internal.constprop.0
                0x10007818       0x98 CMakeFiles/smart_clock.dir/C_/Users/VitorRodrigues/.pico-sdk/sdk/2.1.0/src/rp2_common/hardware_i2c/i2c.c.obj
 .text.i2c_write_blocking_internal.constprop.0
                0x100078b0       0xd0 CMakeFiles/smart_clock.dir/C_/Users/VitorRodrigues/.pico-sdk/sdk/2.1.0/src/rp2_common/hardware_i2c/i2c.c.obj
 .text.i2c_set_baudrate
                0x10007980       0xc0 CMakeFiles/smart_clock.dir/C_/Users/VitorRodrigues/.pico-sdk/sdk/2.1.0/src/rp2_common/hardware_i2c/i2c.c.obj
                0x10007980                i2c_set_baudrate
 .text.i2c_init
                0x10007a40       0x50 CMakeFiles/smart_clock.dir/C_/Users/VitorRodrigues/.pico-sdk/sdk/2.1.0/src/rp2_common/hardware_i2c/i2c.c.obj
                0x10007a40                i2c_init
 .text.i2c_write_blocking
                0x10007a90       0x14 CMakeFiles/smart_clock.dir/C_/Users/VitorRodrigues/.pico-sdk/sdk/2.1.0/src/rp2_common/hardware_i2c/i2c.c.obj
                0x10007a90                i2c_write_blocking
 .text.i2c_read_blocking
                0x10007aa4       0x14 CMakeFiles/smart_clock.dir/C_/Users/VitorRodrigues/.pico-sdk/sdk/2.1.0/src/rp2_common/hardware_i2c/i2c.c.obj
                0x10007aa4                i2c_read_blocking
 .text.adc_init
                0x10007ab8       0x38 CMakeFiles/smart_clock.dir/C_/Users/VitorRodrigues/.pico-sdk/sdk/2.1.0/src/rp2_common/hardware_adc/adc.c.obj
                0x10007ab8                adc_init
 .text.pio_add_program
                0x10007af0      0x104 CMakeFiles/smart_clock.dir/C_/Users/VitorRodrigues/.pico-sdk/sdk/2.1.0/src/rp2_common/hardware_pio/pio.c.obj
                0x10007af0                pio_add_program
 .text.pio_sm_set_consecutive_pindirs
                0x10007bf4       0xb4 CMakeFiles/smart_clock.dir/C_/Users/VitorRodrigues/.pico-sdk/sdk/2.1.0/src/rp2_common/hardware_pio/pio.c.obj
                0x10007bf4                pio_sm_set_consecutive_pindirs
 .text.pio_sm_init
                0x10007ca8       0x9c CMakeFiles/smart_clock.dir/C_/Users/VitorRodrigues/.pico-sdk/sdk/2.1.0/src/rp2_common/hardware_pio/pio.c.obj
                0x10007ca8                pio_sm_init
 .text.malloc   0x10007d44       0x14 C:/Users/VitorRodrigues/.pico-sdk/toolchain/13_3_Rel1/bin/../lib/gcc/arm-none-eabi/13.3.1/thumb/v6-m/nofp\libg.a(libc_a-malloc.o)
                0x10007d44                malloc
 .text.free     0x10007d58       0x14 C:/Users/VitorRodrigues/.pico-sdk/toolchain/13_3_Rel1/bin/../lib/gcc/arm-none-eabi/13.3.1/thumb/v6-m/nofp\libg.a(libc_a-malloc.o)
                0x10007d58                free
 .text._malloc_r
                0x10007d6c      0x5c4 C:/Users/VitorRodrigues/.pico-sdk/toolchain/13_3_Rel1/bin/../lib/gcc/arm-none-eabi/13.3.1/thumb/v6-m/nofp\libg.a(libc_a-mallocr.o)
                0x10007d6c                _malloc_r
 .text.__malloc_lock
                0x10008330       0x10 C:/Users/VitorRodrigues/.pico-sdk/toolchain/13_3_Rel1/bin/../lib/gcc/arm-none-eabi/13.3.1/thumb/v6-m/nofp\libg.a(libc_a-mlock.o)
                0x10008330                __malloc_lock
 .text.__malloc_unlock
                0x10008340       0x10 C:/Users/VitorRodrigues/.pico-sdk/toolchain/13_3_Rel1/bin/../lib/gcc/arm-none-eabi/13.3.1/thumb/v6-m/nofp\libg.a(libc_a-mlock.o)
                0x10008340                __malloc_unlock
 .text._sbrk_r  0x10008350       0x24 C:/Users/VitorRodrigues/.pico-sdk/toolchain/13_3_Rel1/bin/../lib/gcc/arm-none-eabi/13.3.1/thumb/v6-m/nofp\libg.a(libc_a-sbrkr.o)
                0x10008350                _sbrk_r
 .text.__errno  0x10008374        0xc C:/Users/VitorRodrigues/.pico-sdk/toolchain/13_3_Rel1/bin/../lib/gcc/arm-none-eabi/13.3.1/thumb/v6-m/nofp\libg.a(libc_a-errno.o)
                0x10008374                __errno
 .text.__retarget_lock_acquire_recursive
                0x10008380        0x4 C:/Users/VitorRodrigues/.pico-sdk/toolchain/13_3_Rel1/bin/../lib/gcc/arm-none-eabi/13.3.1/thumb/v6-m/nofp\libg.a(libc_a-lock.o)
                0x10008380                __retarget_lock_acquire_recursive
 .text.__retarget_lock_release_recursive
                0x10008384        0x4 C:/Users/VitorRodrigues/.pico-sdk/toolchain/13_3_Rel1/bin/../lib/gcc/arm-none-eabi/13.3.1/thumb/v6-m/nofp\libg.a(libc_a-lock.o)
                0x10008384                __retarget_lock_release_recursive
 .text.sysconf  0x10008388       0x1c C:/Users/VitorRodrigues/.pico-sdk/toolchain/13_3_Rel1/bin/../lib/gcc/arm-none-eabi/13.3.1/thumb/v6-m/nofp\libg.a(libc_a-sysconf.o)
                0x10008388                sysconf
 .text.strcpy   0x100083a4       0x10 C:/Users/VitorRodrigues/.pico-sdk/toolchain/13_3_Rel1/bin/../lib/gcc/arm-none-eabi/13.3.1/thumb/v6-m/nofp\libg.a(libc_a-strcpy.o)
                0x100083a4                strcpy
 .text.strlen   0x100083b4       0x5c C:/Users/VitorRodrigues/.pico-sdk/toolchain/13_3_Rel1/bin/../lib/gcc/arm-none-eabi/13.3.1/thumb/v6-m/nofp\libg.a(libc_a-strlen-stub.o)
                0x100083b4                strlen
 .text._malloc_trim_r
                0x10008410       0xb4 C:/Users/VitorRodrigues/.pico-sdk/toolchain/13_3_Rel1/bin/../lib/gcc/arm-none-eabi/13.3.1/thumb/v6-m/nofp\libg.a(libc_a-freer.o)
                0x10008410                _malloc_trim_r
 .text._free_r  0x100084c4      0x1d4 C:/Users/VitorRodrigues/.pico-sdk/toolchain/13_3_Rel1/bin/../lib/gcc/arm-none-eabi/13.3.1/thumb/v6-m/nofp\libg.a(libc_a-freer.o)
                0x100084c4                _free_r
 *(.fini)
 .fini          0x10008698        0x4 C:/Users/VitorRodrigues/.pico-sdk/toolchain/13_3_Rel1/bin/../lib/gcc/arm-none-eabi/13.3.1/thumb/v6-m/nofp/crti.o
                0x10008698                _fini
 *fill*         0x1000869c        0x4 
 .fini.__stub   0x100086a0       0xc0 linker stubs
 *crtbegin.o(.ctors)
 *crtbegin?.o(.ctors)
 *(EXCLUDE_FILE(*crtend.o *crtend?.o) .ctors)
 *(SORT_BY_NAME(.ctors.*))
 *(.ctors)
 *crtbegin.o(.dtors)
 *crtbegin?.o(.dtors)
 *(EXCLUDE_FILE(*crtend.o *crtend?.o) .dtors)
 *(SORT_BY_NAME(.dtors.*))
 *(.dtors)
                0x10008760                        . = ALIGN (0x4)
                0x10008760                        PROVIDE (__preinit_array_start = .)
 *(SORT_BY_NAME(.preinit_array.*))
 .preinit_array.00100
                0x10008760        0x4 CMakeFiles/smart_clock.dir/C_/Users/VitorRodrigues/.pico-sdk/sdk/2.1.0/src/rp2_common/pico_runtime_init/runtime_init.c.obj
                0x10008760                __pre_init_runtime_init_early_resets
 .preinit_array.00101
                0x10008764        0x4 CMakeFiles/smart_clock.dir/C_/Users/VitorRodrigues/.pico-sdk/sdk/2.1.0/src/rp2_common/pico_runtime_init/runtime_init.c.obj
                0x10008764                __pre_init_runtime_init_usb_power_down
 .preinit_array.00275
                0x10008768        0x4 CMakeFiles/smart_clock.dir/C_/Users/VitorRodrigues/.pico-sdk/sdk/2.1.0/src/rp2_common/pico_bit_ops/bit_ops_aeabi.S.obj
 .preinit_array.00300
                0x1000876c        0x4 CMakeFiles/smart_clock.dir/C_/Users/VitorRodrigues/.pico-sdk/sdk/2.1.0/src/rp2_common/pico_mem_ops/mem_ops_aeabi.S.obj
 .preinit_array.00350
                0x10008770        0x4 CMakeFiles/smart_clock.dir/C_/Users/VitorRodrigues/.pico-sdk/sdk/2.1.0/src/rp2_common/pico_double/double_aeabi_rp2040.S.obj
 .preinit_array.00350
                0x10008774        0x4 CMakeFiles/smart_clock.dir/C_/Users/VitorRodrigues/.pico-sdk/sdk/2.1.0/src/rp2_common/pico_float/float_aeabi_rp2040.S.obj
 .preinit_array.00500
                0x10008778        0x4 CMakeFiles/smart_clock.dir/C_/Users/VitorRodrigues/.pico-sdk/sdk/2.1.0/src/rp2_common/pico_runtime_init/runtime_init.c.obj
                0x10008778                __pre_init_runtime_init_clocks
 .preinit_array.00600
                0x1000877c        0x4 CMakeFiles/smart_clock.dir/C_/Users/VitorRodrigues/.pico-sdk/sdk/2.1.0/src/rp2_common/pico_runtime_init/runtime_init.c.obj
                0x1000877c                __pre_init_runtime_init_post_clock_resets
 .preinit_array.00700
                0x10008780        0x4 CMakeFiles/smart_clock.dir/C_/Users/VitorRodrigues/.pico-sdk/sdk/2.1.0/src/rp2_common/pico_runtime_init/runtime_init.c.obj
                0x10008780                __pre_init_runtime_init_rp2040_gpio_ie_disable
 .preinit_array.01000
                0x10008784        0x4 CMakeFiles/smart_clock.dir/C_/Users/VitorRodrigues/.pico-sdk/sdk/2.1.0/src/rp2_common/pico_runtime_init/runtime_init.c.obj
                0x10008784                __pre_init_runtime_init_spin_locks_reset
 .preinit_array.01100
                0x10008788        0x4 CMakeFiles/smart_clock.dir/C_/Users/VitorRodrigues/.pico-sdk/sdk/2.1.0/src/common/pico_sync/mutex.c.obj
                0x10008788                __pre_init_runtime_init_mutex
 .preinit_array.10080
                0x1000878c        0x4 CMakeFiles/smart_clock.dir/C_/Users/VitorRodrigues/.pico-sdk/sdk/2.1.0/src/rp2_common/pico_runtime_init/runtime_init.c.obj
                0x1000878c                __pre_init_runtime_init_install_ram_vector_table
 .preinit_array.11000
                0x10008790        0x4 CMakeFiles/smart_clock.dir/C_/Users/VitorRodrigues/.pico-sdk/sdk/2.1.0/src/common/pico_time/time.c.obj
                0x10008790                __pre_init_runtime_init_default_alarm_pool
 .preinit_array.YYYYY
                0x10008794        0x4 CMakeFiles/smart_clock.dir/C_/Users/VitorRodrigues/.pico-sdk/sdk/2.1.0/src/rp2_common/pico_runtime/runtime.c.obj
                0x10008794                __pre_init_first_per_core_initializer
 .preinit_array.ZZZZZ.01200
                0x10008798        0x4 CMakeFiles/smart_clock.dir/C_/Users/VitorRodrigues/.pico-sdk/sdk/2.1.0/src/rp2_common/hardware_irq/irq.c.obj
                0x10008798                __pre_init_runtime_init_per_core_irq_priorities
 *(.preinit_array)
                0x1000879c                        PROVIDE (__preinit_array_end = .)
                0x1000879c                        . = ALIGN (0x4)
                0x1000879c                        PROVIDE (__init_array_start = .)
 *(SORT_BY_NAME(.init_array.*))
 *(.init_array)
 .init_array    0x1000879c        0x4 C:/Users/VitorRodrigues/.pico-sdk/toolchain/13_3_Rel1/bin/../lib/gcc/arm-none-eabi/13.3.1/thumb/v6-m/nofp/crtbegin.o
 .init_array    0x100087a0        0x4 CMakeFiles/smart_clock.dir/C_/Users/VitorRodrigues/.pico-sdk/sdk/2.1.0/src/rp2_common/pico_unique_id/unique_id.c.obj
                0x100087a4                        PROVIDE (__init_array_end = .)
                0x100087a4                        . = ALIGN (0x4)
                [!provide]                        PROVIDE (__fini_array_start = .)
 *(SORT_BY_NAME(.fini_array.*))
 *(.fini_array)
                [!provide]                        PROVIDE (__fini_array_end = .)
 *(.eh_frame*)
 .eh_frame      0x100087a4        0x0 C:/Users/VitorRodrigues/.pico-sdk/toolchain/13_3_Rel1/bin/../lib/gcc/arm-none-eabi/13.3.1/thumb/v6-m/nofp/crtbegin.o
                0x100087a4                        . = ALIGN (0x4)

.glue_7         0x100087a4        0x0
 .glue_7        0x100087a4        0x0 linker stubs

.glue_7t        0x100087a4        0x0
 .glue_7t       0x100087a4        0x0 linker stubs

.vfp11_veneer   0x100087a4        0x0
 .vfp11_veneer  0x100087a4        0x0 linker stubs

.v4_bx          0x100087a4        0x0
 .v4_bx         0x100087a4        0x0 linker stubs

.iplt           0x100087a4        0x0
 .iplt          0x100087a4        0x0 C:/Users/VitorRodrigues/.pico-sdk/toolchain/13_3_Rel1/bin/../lib/gcc/arm-none-eabi/13.3.1/thumb/v6-m/nofp/crtbegin.o

.rodata         0x100087a8      0xa78
 *(EXCLUDE_FILE(*libm.a: *libc.a:*lib_a-mem*.o *libgcc.a:) .rodata*)
 .rodata.check_button.str1.4
                0x100087a8      0x328 CMakeFiles/smart_clock.dir/smart_clock.c.obj
                                 0x1b (size before relaxing)
 .rodata.read_rtc_datetime.str1.4
                0x10008ad0       0xc3 CMakeFiles/smart_clock.dir/smart_clock.c.obj
 .rodata.main.str1.4
                0x10008ad0       0x6f CMakeFiles/smart_clock.dir/smart_clock.c.obj
 .rodata.main   0x10008ad0       0x20 CMakeFiles/smart_clock.dir/smart_clock.c.obj
 .rodata.__bi_423.0
                0x10008af0        0x8 CMakeFiles/smart_clock.dir/smart_clock.c.obj
 .rodata.str1.4
                0x10008af8       0x3a CMakeFiles/smart_clock.dir/smart_clock.c.obj
 .rodata.__bi_424.1
                0x10008af8        0xc CMakeFiles/smart_clock.dir/smart_clock.c.obj
 .rodata.ws2812_program
                0x10008b04        0x8 CMakeFiles/smart_clock.dir/smart_clock.c.obj
 .rodata.ws2812_program_instructions
                0x10008b0c        0x8 CMakeFiles/smart_clock.dir/smart_clock.c.obj
 .rodata.font   0x10008b14      0x138 CMakeFiles/smart_clock.dir/ssd1306/ssd1306.c.obj
 .rodata        0x10008c4c       0x1a CMakeFiles/smart_clock.dir/ssd1306/ssd1306.c.obj
 .rodata.panic.str1.4
                0x10008c66       0x12 CMakeFiles/smart_clock.dir/C_/Users/VitorRodrigues/.pico-sdk/sdk/2.1.0/src/rp2_common/pico_platform_panic/panic.c.obj
 .rodata.spin_lock_claim_unused.str1.4
                0x10008c66       0x1b CMakeFiles/smart_clock.dir/C_/Users/VitorRodrigues/.pico-sdk/sdk/2.1.0/src/rp2_common/hardware_sync/sync.c.obj
 .rodata.user_irq_claim_unused.str1.4
                0x10008c66       0x1b CMakeFiles/smart_clock.dir/C_/Users/VitorRodrigues/.pico-sdk/sdk/2.1.0/src/rp2_common/hardware_irq/irq.c.obj
 .rodata.timer_hardware_alarm_claim.str1.4
                0x10008c66       0x22 CMakeFiles/smart_clock.dir/C_/Users/VitorRodrigues/.pico-sdk/sdk/2.1.0/src/rp2_common/hardware_timer/timer.c.obj
 .rodata.hard_assertion_failure.str1.4
                0x10008c66        0xc CMakeFiles/smart_clock.dir/C_/Users/VitorRodrigues/.pico-sdk/sdk/2.1.0/src/rp2_common/pico_runtime/runtime.c.obj
 .rodata.missing_double_func_shim.str1.4
                0x10008c66       0x18 CMakeFiles/smart_clock.dir/C_/Users/VitorRodrigues/.pico-sdk/sdk/2.1.0/src/rp2_common/pico_double/double_init_rom_rp2040.c.obj
 .rodata.missing_float_func_shim.str1.4
                0x10008c66        0x1 CMakeFiles/smart_clock.dir/C_/Users/VitorRodrigues/.pico-sdk/sdk/2.1.0/src/rp2_common/pico_float/float_init_rom_rp2040.c.obj
 .rodata.__wrap_malloc.str1.4
                0x10008c66        0xe CMakeFiles/smart_clock.dir/C_/Users/VitorRodrigues/.pico-sdk/sdk/2.1.0/src/rp2_common/pico_malloc/malloc.c.obj
 .rodata.str1.4
                0x10008c66       0x44 CMakeFiles/smart_clock.dir/C_/Users/VitorRodrigues/.pico-sdk/sdk/2.1.0/src/rp2_common/pico_standard_binary_info/standard_binary_info.c.obj
 *fill*         0x10008c66        0x2 
 .rodata.__bi_84
                0x10008c68        0xc CMakeFiles/smart_clock.dir/C_/Users/VitorRodrigues/.pico-sdk/sdk/2.1.0/src/rp2_common/pico_standard_binary_info/standard_binary_info.c.obj
 .rodata.__bi_78
                0x10008c74        0xc CMakeFiles/smart_clock.dir/C_/Users/VitorRodrigues/.pico-sdk/sdk/2.1.0/src/rp2_common/pico_standard_binary_info/standard_binary_info.c.obj
 .rodata.__bi_60
                0x10008c80        0xc CMakeFiles/smart_clock.dir/C_/Users/VitorRodrigues/.pico-sdk/sdk/2.1.0/src/rp2_common/pico_standard_binary_info/standard_binary_info.c.obj
 .rodata.__bi_54
                0x10008c8c        0xc CMakeFiles/smart_clock.dir/C_/Users/VitorRodrigues/.pico-sdk/sdk/2.1.0/src/rp2_common/pico_standard_binary_info/standard_binary_info.c.obj
 .rodata.__bi_48
                0x10008c98        0xc CMakeFiles/smart_clock.dir/C_/Users/VitorRodrigues/.pico-sdk/sdk/2.1.0/src/rp2_common/pico_standard_binary_info/standard_binary_info.c.obj
 .rodata.__bi_42
                0x10008ca4        0xc CMakeFiles/smart_clock.dir/C_/Users/VitorRodrigues/.pico-sdk/sdk/2.1.0/src/rp2_common/pico_standard_binary_info/standard_binary_info.c.obj
 .rodata.__bi_34
                0x10008cb0        0xc CMakeFiles/smart_clock.dir/C_/Users/VitorRodrigues/.pico-sdk/sdk/2.1.0/src/rp2_common/pico_standard_binary_info/standard_binary_info.c.obj
 .rodata.__bi_26
                0x10008cbc        0xc CMakeFiles/smart_clock.dir/C_/Users/VitorRodrigues/.pico-sdk/sdk/2.1.0/src/rp2_common/pico_standard_binary_info/standard_binary_info.c.obj
 .rodata._ftoa.str1.4
                0x10008cc8       0x15 CMakeFiles/smart_clock.dir/C_/Users/VitorRodrigues/.pico-sdk/sdk/2.1.0/src/rp2_common/pico_printf/printf.c.obj
 .rodata._vsnprintf
                0x10008cc8      0x19c CMakeFiles/smart_clock.dir/C_/Users/VitorRodrigues/.pico-sdk/sdk/2.1.0/src/rp2_common/pico_printf/printf.c.obj
 *fill*         0x10008e64        0x4 
 .rodata.pow10.0
                0x10008e68       0x50 CMakeFiles/smart_clock.dir/C_/Users/VitorRodrigues/.pico-sdk/sdk/2.1.0/src/rp2_common/pico_printf/printf.c.obj
 .rodata.crlf_str.0
                0x10008eb8        0x2 CMakeFiles/smart_clock.dir/C_/Users/VitorRodrigues/.pico-sdk/sdk/2.1.0/src/rp2_common/pico_stdio/stdio.c.obj
 *fill*         0x10008eba        0x2 
 .rodata._resetd_driver
                0x10008ebc       0x20 CMakeFiles/smart_clock.dir/C_/Users/VitorRodrigues/.pico-sdk/sdk/2.1.0/src/rp2_common/pico_stdio_usb/reset_interface.c.obj
 .rodata.desc_ms_os_20
                0x10008edc       0xa6 CMakeFiles/smart_clock.dir/C_/Users/VitorRodrigues/.pico-sdk/sdk/2.1.0/src/rp2_common/pico_stdio_usb/reset_interface.c.obj
 *fill*         0x10008f82        0x2 
 .rodata.desc_bos
                0x10008f84       0x21 CMakeFiles/smart_clock.dir/C_/Users/VitorRodrigues/.pico-sdk/sdk/2.1.0/src/rp2_common/pico_stdio_usb/reset_interface.c.obj
                0x10008f84                desc_bos
 .rodata.str1.4
                0x10008fa5       0x13 CMakeFiles/smart_clock.dir/C_/Users/VitorRodrigues/.pico-sdk/sdk/2.1.0/src/rp2_common/pico_stdio_usb/stdio_usb.c.obj
 *fill*         0x10008fa5        0x3 
 .rodata.__bi_197.0
                0x10008fa8        0xc CMakeFiles/smart_clock.dir/C_/Users/VitorRodrigues/.pico-sdk/sdk/2.1.0/src/rp2_common/pico_stdio_usb/stdio_usb.c.obj
 .rodata.str1.4
                0x10008fb4       0x2a CMakeFiles/smart_clock.dir/C_/Users/VitorRodrigues/.pico-sdk/sdk/2.1.0/src/rp2_common/pico_stdio_usb/stdio_usb_descriptors.c.obj
 .rodata.usbd_desc_str
                0x10008fb4       0x18 CMakeFiles/smart_clock.dir/C_/Users/VitorRodrigues/.pico-sdk/sdk/2.1.0/src/rp2_common/pico_stdio_usb/stdio_usb_descriptors.c.obj
 .rodata.usbd_desc_cfg
                0x10008fcc       0x54 CMakeFiles/smart_clock.dir/C_/Users/VitorRodrigues/.pico-sdk/sdk/2.1.0/src/rp2_common/pico_stdio_usb/stdio_usb_descriptors.c.obj
 .rodata.usbd_desc_device
                0x10009020       0x12 CMakeFiles/smart_clock.dir/C_/Users/VitorRodrigues/.pico-sdk/sdk/2.1.0/src/rp2_common/pico_stdio_usb/stdio_usb_descriptors.c.obj
 .rodata.str1.4
                0x10009032       0x14 CMakeFiles/smart_clock.dir/C_/Users/VitorRodrigues/.pico-sdk/sdk/2.1.0/lib/tinyusb/src/portable/raspberrypi/rp2040/dcd_rp2040.c.obj
 .rodata.str1.4
                0x10009032       0x48 CMakeFiles/smart_clock.dir/C_/Users/VitorRodrigues/.pico-sdk/sdk/2.1.0/lib/tinyusb/src/portable/raspberrypi/rp2040/rp2040_usb.c.obj
 *fill*         0x10009032        0x2 
 .rodata.tud_task_ext
                0x10009034       0x8c CMakeFiles/smart_clock.dir/C_/Users/VitorRodrigues/.pico-sdk/sdk/2.1.0/lib/tinyusb/src/device/usbd.c.obj
 .rodata        0x100090c0       0x1c CMakeFiles/smart_clock.dir/C_/Users/VitorRodrigues/.pico-sdk/sdk/2.1.0/lib/tinyusb/src/device/usbd.c.obj
 .rodata._usbd_driver
                0x100090dc       0x40 CMakeFiles/smart_clock.dir/C_/Users/VitorRodrigues/.pico-sdk/sdk/2.1.0/lib/tinyusb/src/device/usbd.c.obj
 .rodata._ctype_
                0x1000911c      0x101 C:/Users/VitorRodrigues/.pico-sdk/toolchain/13_3_Rel1/bin/../lib/gcc/arm-none-eabi/13.3.1/thumb/v6-m/nofp\libg.a(libc_a-ctype_.o)
                0x1000911c                _ctype_
                0x10009220                        . = ALIGN (0x4)
 *fill*         0x1000921d        0x3 
 *(SORT_BY_ALIGNMENT(SORT_BY_NAME(.flashdata*)))
                0x10009220                        . = ALIGN (0x4)

.ARM.extab
 *(.ARM.extab* .gnu.linkonce.armextab.*)
                0x10009220                        __exidx_start = .

.ARM.exidx
 *(.ARM.exidx* .gnu.linkonce.armexidx.*)
                0x10009220                        __exidx_end = .
                0x10009220                        . = ALIGN (0x4)
                0x10009220                        __binary_info_start = .

.binary_info    0x10009220       0x2c
 *(.binary_info.keep.*)
 .binary_info.keep.__bi_ptr424
                0x10009220        0x4 CMakeFiles/smart_clock.dir/smart_clock.c.obj
 .binary_info.keep.__bi_ptr423
                0x10009224        0x4 CMakeFiles/smart_clock.dir/smart_clock.c.obj
 .binary_info.keep.__bi_ptr84
                0x10009228        0x4 CMakeFiles/smart_clock.dir/C_/Users/VitorRodrigues/.pico-sdk/sdk/2.1.0/src/rp2_common/pico_standard_binary_info/standard_binary_info.c.obj
 .binary_info.keep.__bi_ptr78
                0x1000922c        0x4 CMakeFiles/smart_clock.dir/C_/Users/VitorRodrigues/.pico-sdk/sdk/2.1.0/src/rp2_common/pico_standard_binary_info/standard_binary_info.c.obj
 .binary_info.keep.__bi_ptr60
                0x10009230        0x4 CMakeFiles/smart_clock.dir/C_/Users/VitorRodrigues/.pico-sdk/sdk/2.1.0/src/rp2_common/pico_standard_binary_info/standard_binary_info.c.obj
 .binary_info.keep.__bi_ptr54
                0x10009234        0x4 CMakeFiles/smart_clock.dir/C_/Users/VitorRodrigues/.pico-sdk/sdk/2.1.0/src/rp2_common/pico_standard_binary_info/standard_binary_info.c.obj
 .binary_info.keep.__bi_ptr48
                0x10009238        0x4 CMakeFiles/smart_clock.dir/C_/Users/VitorRodrigues/.pico-sdk/sdk/2.1.0/src/rp2_common/pico_standard_binary_info/standard_binary_info.c.obj
 .binary_info.keep.__bi_ptr42
                0x1000923c        0x4 CMakeFiles/smart_clock.dir/C_/Users/VitorRodrigues/.pico-sdk/sdk/2.1.0/src/rp2_common/pico_standard_binary_info/standard_binary_info.c.obj
 .binary_info.keep.__bi_ptr34
                0x10009240        0x4 CMakeFiles/smart_clock.dir/C_/Users/VitorRodrigues/.pico-sdk/sdk/2.1.0/src/rp2_common/pico_standard_binary_info/standard_binary_info.c.obj
 .binary_info.keep.__bi_ptr26
                0x10009244        0x4 CMakeFiles/smart_clock.dir/C_/Users/VitorRodrigues/.pico-sdk/sdk/2.1.0/src/rp2_common/pico_standard_binary_info/standard_binary_info.c.obj
 *(.binary_info.*)
 .binary_info.__bi_ptr197
                0x10009248        0x4 CMakeFiles/smart_clock.dir/C_/Users/VitorRodrigues/.pico-sdk/sdk/2.1.0/src/rp2_common/pico_stdio_usb/stdio_usb.c.obj
                0x1000924c                        __binary_info_end = .

.rel.dyn        0x1000924c        0x0
 .rel.iplt      0x1000924c        0x0 C:/Users/VitorRodrigues/.pico-sdk/toolchain/13_3_Rel1/bin/../lib/gcc/arm-none-eabi/13.3.1/thumb/v6-m/nofp/crtbegin.o
                0x1000924c                        . = ALIGN (0x4)

.ram_vector_table
                0x20000000       0xc0
 *(.ram_vector_table)
 .ram_vector_table
                0x20000000       0xc0 CMakeFiles/smart_clock.dir/C_/Users/VitorRodrigues/.pico-sdk/sdk/2.1.0/src/rp2_common/pico_runtime_init/runtime_init.c.obj
                0x20000000                ram_vector_table

.uninitialized_data
                0x200000c0        0x0
                0x200000c0                        . = ALIGN (0x4)
 *(.uninitialized_data*)

.data           0x200000c0     0x5568 load address 0x1000924c
                0x200000c0                        __data_start__ = .
 *(vtable)
 *(.time_critical*)
 .time_critical.mutex_try_enter
                0x200000c0       0x40 CMakeFiles/smart_clock.dir/C_/Users/VitorRodrigues/.pico-sdk/sdk/2.1.0/src/common/pico_sync/mutex.c.obj
                0x200000c0                mutex_try_enter
 .time_critical.mutex_try_enter_block_until
                0x20000100       0x9c CMakeFiles/smart_clock.dir/C_/Users/VitorRodrigues/.pico-sdk/sdk/2.1.0/src/common/pico_sync/mutex.c.obj
                0x20000100                mutex_try_enter_block_until
 .time_critical.mutex_enter_timeout_ms
                0x2000019c       0x90 CMakeFiles/smart_clock.dir/C_/Users/VitorRodrigues/.pico-sdk/sdk/2.1.0/src/common/pico_sync/mutex.c.obj
                0x2000019c                mutex_enter_timeout_ms
 .time_critical.mutex_exit
                0x2000022c       0x28 CMakeFiles/smart_clock.dir/C_/Users/VitorRodrigues/.pico-sdk/sdk/2.1.0/src/common/pico_sync/mutex.c.obj
                0x2000022c                mutex_exit
 .time_critical.flash_init_boot2_copyout
                0x20000254       0x30 CMakeFiles/smart_clock.dir/C_/Users/VitorRodrigues/.pico-sdk/sdk/2.1.0/src/rp2_common/hardware_flash/flash.c.obj
 .time_critical.flash_enable_xip_via_boot2
                0x20000284        0xc CMakeFiles/smart_clock.dir/C_/Users/VitorRodrigues/.pico-sdk/sdk/2.1.0/src/rp2_common/hardware_flash/flash.c.obj
 .time_critical.flash_cs_force
                0x20000290       0x38 CMakeFiles/smart_clock.dir/C_/Users/VitorRodrigues/.pico-sdk/sdk/2.1.0/src/rp2_common/hardware_flash/flash.c.obj
 .time_critical.flash_do_cmd
                0x200002c8       0xc0 CMakeFiles/smart_clock.dir/C_/Users/VitorRodrigues/.pico-sdk/sdk/2.1.0/src/rp2_common/hardware_flash/flash.c.obj
                0x200002c8                flash_do_cmd
 .time_critical.reset_non_control_endpoints
                0x20000388       0x68 CMakeFiles/smart_clock.dir/C_/Users/VitorRodrigues/.pico-sdk/sdk/2.1.0/lib/tinyusb/src/portable/raspberrypi/rp2040/dcd_rp2040.c.obj
 .time_critical.hw_handle_buff_status
                0x200003f0       0xb0 CMakeFiles/smart_clock.dir/C_/Users/VitorRodrigues/.pico-sdk/sdk/2.1.0/lib/tinyusb/src/portable/raspberrypi/rp2040/dcd_rp2040.c.obj
 .time_critical.dcd_rp2040_irq
                0x200004a0      0x578 CMakeFiles/smart_clock.dir/C_/Users/VitorRodrigues/.pico-sdk/sdk/2.1.0/lib/tinyusb/src/portable/raspberrypi/rp2040/dcd_rp2040.c.obj
 .time_critical.prepare_ep_buffer
                0x20000a18       0xe0 CMakeFiles/smart_clock.dir/C_/Users/VitorRodrigues/.pico-sdk/sdk/2.1.0/lib/tinyusb/src/portable/raspberrypi/rp2040/rp2040_usb.c.obj
 .time_critical.sync_ep_buffer
                0x20000af8       0xa8 CMakeFiles/smart_clock.dir/C_/Users/VitorRodrigues/.pico-sdk/sdk/2.1.0/lib/tinyusb/src/portable/raspberrypi/rp2040/rp2040_usb.c.obj
 .time_critical._hw_endpoint_xfer_sync
                0x20000ba0       0x28 CMakeFiles/smart_clock.dir/C_/Users/VitorRodrigues/.pico-sdk/sdk/2.1.0/lib/tinyusb/src/portable/raspberrypi/rp2040/rp2040_usb.c.obj
 .time_critical.e15_is_bulkin_ep
                0x20000bc8       0x28 CMakeFiles/smart_clock.dir/C_/Users/VitorRodrigues/.pico-sdk/sdk/2.1.0/lib/tinyusb/src/portable/raspberrypi/rp2040/rp2040_usb.c.obj
 .time_critical.e15_is_critical_frame_period
                0x20000bf0       0x34 CMakeFiles/smart_clock.dir/C_/Users/VitorRodrigues/.pico-sdk/sdk/2.1.0/lib/tinyusb/src/portable/raspberrypi/rp2040/rp2040_usb.c.obj
 .time_critical.hw_endpoint_reset_transfer
                0x20000c24        0xc CMakeFiles/smart_clock.dir/C_/Users/VitorRodrigues/.pico-sdk/sdk/2.1.0/lib/tinyusb/src/portable/raspberrypi/rp2040/rp2040_usb.c.obj
                0x20000c24                hw_endpoint_reset_transfer
 .time_critical._hw_endpoint_buffer_control_update32
                0x20000c30       0x50 CMakeFiles/smart_clock.dir/C_/Users/VitorRodrigues/.pico-sdk/sdk/2.1.0/lib/tinyusb/src/portable/raspberrypi/rp2040/rp2040_usb.c.obj
                0x20000c30                _hw_endpoint_buffer_control_update32
 .time_critical.hw_endpoint_start_next_buffer
                0x20000c80       0x6c CMakeFiles/smart_clock.dir/C_/Users/VitorRodrigues/.pico-sdk/sdk/2.1.0/lib/tinyusb/src/portable/raspberrypi/rp2040/rp2040_usb.c.obj
                0x20000c80                hw_endpoint_start_next_buffer
 .time_critical.hw_endpoint_xfer_continue
                0x20000cec       0x40 CMakeFiles/smart_clock.dir/C_/Users/VitorRodrigues/.pico-sdk/sdk/2.1.0/lib/tinyusb/src/portable/raspberrypi/rp2040/rp2040_usb.c.obj
                0x20000cec                hw_endpoint_xfer_continue
 .time_critical.tinyusb
                0x20000d2c      0x1e4 CMakeFiles/smart_clock.dir/C_/Users/VitorRodrigues/.pico-sdk/sdk/2.1.0/lib/tinyusb/src/device/usbd.c.obj
                0x20000d2c                dcd_event_handler
 *(.text*)
 .text          0x20000f10        0x4 C:/Users/VitorRodrigues/.pico-sdk/toolchain/13_3_Rel1/bin/../lib/gcc/arm-none-eabi/13.3.1/thumb/v6-m/nofp\libgcc.a(_dvmd_tls.o)
                0x20000f10                __aeabi_idiv0
                0x20000f10                __aeabi_ldiv0
 *fill*         0x20000f14        0x4 
 .text.__stub   0x20000f18       0x80 linker stubs
                0x20000f98                        . = ALIGN (0x4)
 *(.rodata*)
                0x20000f98                        . = ALIGN (0x4)
 *(.data*)
 .data.frame_area
                0x20000f98        0x8 CMakeFiles/smart_clock.dir/smart_clock.c.obj
                0x20000f98                frame_area
 .data.moon     0x20000fa0       0x4b CMakeFiles/smart_clock.dir/smart_clock.c.obj
                0x20000fa0                moon
 *fill*         0x20000feb        0x1 
 .data.nokia    0x20000fec     0x4008 CMakeFiles/smart_clock.dir/smart_clock.c.obj
                0x20000fec                nokia
 .data.striped_spin_lock_num
                0x20004ff4        0x1 CMakeFiles/smart_clock.dir/C_/Users/VitorRodrigues/.pico-sdk/sdk/2.1.0/src/rp2_common/hardware_sync/sync.c.obj
 *fill*         0x20004ff5        0x3 
 .data          0x20004ff8       0x48 CMakeFiles/smart_clock.dir/C_/Users/VitorRodrigues/.pico-sdk/sdk/2.1.0/src/rp2_common/hardware_irq/irq_handler_chain.S.obj
                0x20004ff8                irq_handler_chain_slots
                0x20005028                irq_handler_chain_first_slot
                0x20005032                irq_handler_chain_remove_tail
 .data.default_alarm_pool
                0x20005040       0x18 CMakeFiles/smart_clock.dir/C_/Users/VitorRodrigues/.pico-sdk/sdk/2.1.0/src/common/pico_time/time.c.obj
 *fill*         0x20005058        0x8 
 .data.aeabi_bits_funcs
                0x20005060       0x10 CMakeFiles/smart_clock.dir/C_/Users/VitorRodrigues/.pico-sdk/sdk/2.1.0/src/rp2_common/pico_bit_ops/bit_ops_aeabi.S.obj
                0x20005060                aeabi_bits_funcs
                0x20005070                aeabi_bits_funcs_end
 .data.aeabi_mem_funcs
                0x20005070       0x10 CMakeFiles/smart_clock.dir/C_/Users/VitorRodrigues/.pico-sdk/sdk/2.1.0/src/rp2_common/pico_mem_ops/mem_ops_aeabi.S.obj
                0x20005070                aeabi_mem_funcs
                0x20005080                aeabi_mem_funcs_end
 .data.stdio_usb
                0x20005080       0x18 CMakeFiles/smart_clock.dir/C_/Users/VitorRodrigues/.pico-sdk/sdk/2.1.0/src/rp2_common/pico_stdio_usb/stdio_usb.c.obj
                0x20005080                stdio_usb
 .data._usbd_qdef
                0x20005098       0x1c CMakeFiles/smart_clock.dir/C_/Users/VitorRodrigues/.pico-sdk/sdk/2.1.0/lib/tinyusb/src/device/usbd.c.obj
                0x20005098                _usbd_qdef
 .data._usbd_rhport
                0x200050b4        0x1 CMakeFiles/smart_clock.dir/C_/Users/VitorRodrigues/.pico-sdk/sdk/2.1.0/lib/tinyusb/src/device/usbd.c.obj
 *fill*         0x200050b5        0x3 
 .data.i2c1_inst
                0x200050b8        0x8 CMakeFiles/smart_clock.dir/C_/Users/VitorRodrigues/.pico-sdk/sdk/2.1.0/src/rp2_common/hardware_i2c/i2c.c.obj
                0x200050b8                i2c1_inst
 .data.i2c0_inst
                0x200050c0        0x8 CMakeFiles/smart_clock.dir/C_/Users/VitorRodrigues/.pico-sdk/sdk/2.1.0/src/rp2_common/hardware_i2c/i2c.c.obj
                0x200050c0                i2c0_inst
 .data.__malloc_sbrk_base
                0x200050c8        0x4 C:/Users/VitorRodrigues/.pico-sdk/toolchain/13_3_Rel1/bin/../lib/gcc/arm-none-eabi/13.3.1/thumb/v6-m/nofp\libg.a(libc_a-mallocr.o)
                0x200050c8                __malloc_sbrk_base
 .data.__malloc_trim_threshold
                0x200050cc        0x4 C:/Users/VitorRodrigues/.pico-sdk/toolchain/13_3_Rel1/bin/../lib/gcc/arm-none-eabi/13.3.1/thumb/v6-m/nofp\libg.a(libc_a-mallocr.o)
                0x200050cc                __malloc_trim_threshold
 .data.__malloc_av_
                0x200050d0      0x408 C:/Users/VitorRodrigues/.pico-sdk/toolchain/13_3_Rel1/bin/../lib/gcc/arm-none-eabi/13.3.1/thumb/v6-m/nofp\libg.a(libc_a-mallocr.o)
                0x200050d0                __malloc_av_
 .data._impure_ptr
                0x200054d8        0x4 C:/Users/VitorRodrigues/.pico-sdk/toolchain/13_3_Rel1/bin/../lib/gcc/arm-none-eabi/13.3.1/thumb/v6-m/nofp\libg.a(libc_a-impure.o)
                0x200054d8                _impure_ptr
 *fill*         0x200054dc        0x4 
 .data._impure_data
                0x200054e0      0x140 C:/Users/VitorRodrigues/.pico-sdk/toolchain/13_3_Rel1/bin/../lib/gcc/arm-none-eabi/13.3.1/thumb/v6-m/nofp\libg.a(libc_a-impure.o)
                0x200054e0                _impure_data
                0x20005620                        . = ALIGN (0x4)
 *(.after_data.*)
                0x20005620                        . = ALIGN (0x4)
                0x20005620                        PROVIDE (__mutex_array_start = .)
 *(SORT_BY_NAME(.mutex_array.*))
 *(.mutex_array)
 .mutex_array   0x20005620        0x8 CMakeFiles/smart_clock.dir/C_/Users/VitorRodrigues/.pico-sdk/sdk/2.1.0/src/rp2_common/pico_stdio/stdio.c.obj